Component: ARM Compiler 5.06 update 7 (build 960) Tool: armlink [4d3601]

==============================================================================

Section Cross References

    startup_stm32f407xx.o(RESET) refers to startup_stm32f407xx.o(STACK) for __initial_sp
    startup_stm32f407xx.o(RESET) refers to startup_stm32f407xx.o(.text) for Reset_Handler
    startup_stm32f407xx.o(RESET) refers to stm32f4xx_it.o(i.NMI_Handler) for NMI_Handler
    startup_stm32f407xx.o(RESET) refers to stm32f4xx_it.o(i.HardFault_Handler) for HardFault_Handler
    startup_stm32f407xx.o(RESET) refers to stm32f4xx_it.o(i.MemManage_Handler) for MemManage_Handler
    startup_stm32f407xx.o(RESET) refers to stm32f4xx_it.o(i.BusFault_Handler) for BusFault_Handler
    startup_stm32f407xx.o(RESET) refers to stm32f4xx_it.o(i.UsageFault_Handler) for UsageFault_Handler
    startup_stm32f407xx.o(RESET) refers to stm32f4xx_it.o(i.SVC_Handler) for SVC_Handler
    startup_stm32f407xx.o(RESET) refers to stm32f4xx_it.o(i.DebugMon_Handler) for DebugMon_Handler
    startup_stm32f407xx.o(RESET) refers to stm32f4xx_it.o(i.PendSV_Handler) for PendSV_Handler
    startup_stm32f407xx.o(RESET) refers to stm32f4xx_it.o(i.SysTick_Handler) for SysTick_Handler
    startup_stm32f407xx.o(RESET) refers to stm32f4xx_it.o(i.USART1_IRQHandler) for USART1_IRQHandler
    startup_stm32f407xx.o(RESET) refers to stm32f4xx_it.o(i.SDIO_IRQHandler) for SDIO_IRQHandler
    startup_stm32f407xx.o(.text) refers to system_stm32f4xx.o(i.SystemInit) for SystemInit
    startup_stm32f407xx.o(.text) refers to entry.o(.ARM.Collect$$$$00000000) for __main
    main.o(i.SystemClock_Config) refers to memseta.o(.text) for __aeabi_memclr4
    main.o(i.SystemClock_Config) refers to stm32f4xx_hal_rcc.o(i.HAL_RCC_OscConfig) for HAL_RCC_OscConfig
    main.o(i.SystemClock_Config) refers to stm32f4xx_hal_rcc.o(i.HAL_RCC_ClockConfig) for HAL_RCC_ClockConfig
    main.o(i.main) refers to stm32f4xx_hal.o(i.HAL_Init) for HAL_Init
    main.o(i.main) refers to main.o(i.SystemClock_Config) for SystemClock_Config
    main.o(i.main) refers to gpio.o(i.MX_GPIO_Init) for MX_GPIO_Init
    main.o(i.main) refers to fsmc.o(i.MX_FSMC_Init) for MX_FSMC_Init
    main.o(i.main) refers to usart.o(i.MX_USART1_UART_Init) for MX_USART1_UART_Init
    main.o(i.main) refers to sdio.o(i.MX_SDIO_SD_Init) for MX_SDIO_SD_Init
    main.o(i.main) refers to spi.o(i.MX_SPI2_Init) for MX_SPI2_Init
    main.o(i.main) refers to lcd.o(i.LCD_Init) for LCD_Init
    main.o(i.main) refers to lcd.o(i.LCD_printf) for LCD_printf
    main.o(i.main) refers to w25qxx.o(i.W25QXX_Init) for W25QXX_Init
    main.o(i.main) refers to w25qxx.o(i.W25QXX_ReadID) for W25QXX_ReadID
    main.o(i.main) refers to stm32f4xx_hal_gpio.o(i.HAL_GPIO_WritePin) for HAL_GPIO_WritePin
    main.o(i.main) refers to stm32f4xx_hal.o(i.HAL_Delay) for HAL_Delay
    main.o(i.main) refers to f2d.o(.text) for __aeabi_f2d
    main.o(i.main) refers to sdio.o(.bss) for hsd
    gpio.o(i.MX_GPIO_Init) refers to memseta.o(.text) for __aeabi_memclr4
    gpio.o(i.MX_GPIO_Init) refers to stm32f4xx_hal_gpio.o(i.HAL_GPIO_WritePin) for HAL_GPIO_WritePin
    gpio.o(i.MX_GPIO_Init) refers to stm32f4xx_hal_gpio.o(i.HAL_GPIO_Init) for HAL_GPIO_Init
    fsmc.o(i.HAL_FSMC_MspInit) refers to memseta.o(.text) for __aeabi_memclr4
    fsmc.o(i.HAL_FSMC_MspInit) refers to stm32f4xx_hal_gpio.o(i.HAL_GPIO_Init) for HAL_GPIO_Init
    fsmc.o(i.HAL_FSMC_MspInit) refers to fsmc.o(.data) for .data
    fsmc.o(i.HAL_SRAM_MspDeInit) refers to stm32f4xx_hal_gpio.o(i.HAL_GPIO_DeInit) for HAL_GPIO_DeInit
    fsmc.o(i.HAL_SRAM_MspDeInit) refers to fsmc.o(.data) for .data
    fsmc.o(i.HAL_SRAM_MspInit) refers to fsmc.o(i.HAL_FSMC_MspInit) for HAL_FSMC_MspInit
    fsmc.o(i.MX_FSMC_Init) refers to memseta.o(.text) for __aeabi_memclr4
    fsmc.o(i.MX_FSMC_Init) refers to stm32f4xx_hal_sram.o(i.HAL_SRAM_Init) for HAL_SRAM_Init
    fsmc.o(i.MX_FSMC_Init) refers to main.o(i.Error_Handler) for Error_Handler
    fsmc.o(i.MX_FSMC_Init) refers to fsmc.o(.bss) for .bss
    sdio.o(i.HAL_SD_MspDeInit) refers to stm32f4xx_hal_gpio.o(i.HAL_GPIO_DeInit) for HAL_GPIO_DeInit
    sdio.o(i.HAL_SD_MspDeInit) refers to stm32f4xx_hal_cortex.o(i.HAL_NVIC_DisableIRQ) for HAL_NVIC_DisableIRQ
    sdio.o(i.HAL_SD_MspInit) refers to memseta.o(.text) for __aeabi_memclr4
    sdio.o(i.HAL_SD_MspInit) refers to stm32f4xx_hal_gpio.o(i.HAL_GPIO_Init) for HAL_GPIO_Init
    sdio.o(i.HAL_SD_MspInit) refers to stm32f4xx_hal_cortex.o(i.HAL_NVIC_SetPriority) for HAL_NVIC_SetPriority
    sdio.o(i.HAL_SD_MspInit) refers to stm32f4xx_hal_cortex.o(i.HAL_NVIC_EnableIRQ) for HAL_NVIC_EnableIRQ
    sdio.o(i.MX_SDIO_SD_Init) refers to stm32f4xx_hal_sd.o(i.HAL_SD_Init) for HAL_SD_Init
    sdio.o(i.MX_SDIO_SD_Init) refers to main.o(i.Error_Handler) for Error_Handler
    sdio.o(i.MX_SDIO_SD_Init) refers to stm32f4xx_hal_sd.o(i.HAL_SD_ConfigWideBusOperation) for HAL_SD_ConfigWideBusOperation
[...]
    ../Drivers/STM32F4xx_HAL_Driver/Src/stm32f4xx_hal_flash.c 0x00000000   Number         0  stm32f4xx_hal_flash.o ABSOLUTE
    ../Drivers/STM32F4xx_HAL_Driver/Src/stm32f4xx_hal_flash_ex.c 0x00000000   Number         0  stm32f4xx_hal_flash_ex.o ABSOLUTE
    ../Drivers/STM32F4xx_HAL_Driver/Src/stm32f4xx_hal_flash_ramfunc.c 0x00000000   Number         0  stm32f4xx_hal_flash_ramfunc.o ABSOLUTE
    ../Drivers/STM32F4xx_HAL_Driver/Src/stm32f4xx_hal_gpio.c 0x00000000   Number         0  stm32f4xx_hal_gpio.o ABSOLUTE
    ../Drivers/STM32F4xx_HAL_Driver/Src/stm32f4xx_hal_pwr.c 0x00000000   Number         0  stm32f4xx_hal_pwr.o ABSOLUTE
    ../Drivers/STM32F4xx_HAL_Driver/Src/stm32f4xx_hal_pwr_ex.c 0x00000000   Number         0  stm32f4xx_hal_pwr_ex.o ABSOLUTE
    ../Drivers/STM32F4xx_HAL_Driver/Src/stm32f4xx_hal_rcc.c 0x00000000   Number         0  stm32f4xx_hal_rcc.o ABSOLUTE
    ../Drivers/STM32F4xx_HAL_Driver/Src/stm32f4xx_hal_rcc_ex.c 0x00000000   Number         0  stm32f4xx_hal_rcc_ex.o ABSOLUTE
    ../Drivers/STM32F4xx_HAL_Driver/Src/stm32f4xx_hal_sd.c 0x00000000   Number         0  stm32f4xx_hal_sd.o ABSOLUTE
    ../Drivers/STM32F4xx_HAL_Driver/Src/stm32f4xx_hal_spi.c 0x00000000   Number         0  stm32f4xx_hal_spi.o ABSOLUTE
    ../Drivers/STM32F4xx_HAL_Driver/Src/stm32f4xx_hal_sram.c 0x00000000   Number         0  stm32f4xx_hal_sram.o ABSOLUTE
    ../Drivers/STM32F4xx_HAL_Driver/Src/stm32f4xx_hal_tim.c 0x00000000   Number         0  stm32f4xx_hal_tim.o ABSOLUTE
    ../Drivers/STM32F4xx_HAL_Driver/Src/stm32f4xx_hal_tim_ex.c 0x00000000   Number         0  stm32f4xx_hal_tim_ex.o ABSOLUTE
    ../Drivers/STM32F4xx_HAL_Driver/Src/stm32f4xx_hal_uart.c 0x00000000   Number         0  stm32f4xx_hal_uart.o ABSOLUTE
    ../Drivers/STM32F4xx_HAL_Driver/Src/stm32f4xx_ll_fsmc.c 0x00000000   Number         0  stm32f4xx_ll_fsmc.o ABSOLUTE
    ../Drivers/STM32F4xx_HAL_Driver/Src/stm32f4xx_ll_sdmmc.c 0x00000000   Number         0  stm32f4xx_ll_sdmmc.o ABSOLUTE
    ../clib/microlib/division.c              0x00000000   Number         0  uldiv.o ABSOLUTE
    ../clib/microlib/division.c              0x00000000   Number         0  uidiv.o ABSOLUTE
    ../clib/microlib/init/entry.s            0x00000000   Number         0  entry10a.o ABSOLUTE
    ../clib/microlib/init/entry.s            0x00000000   Number         0  entry9b.o ABSOLUTE
    ../clib/microlib/init/entry.s            0x00000000   Number         0  entry9a.o ABSOLUTE
    ../clib/microlib/init/entry.s            0x00000000   Number         0  entry8a.o ABSOLUTE
    ../clib/microlib/init/entry.s            0x00000000   Number         0  entry8b.o ABSOLUTE
    ../clib/microlib/init/entry.s            0x00000000   Number         0  entry12b.o ABSOLUTE
    ../clib/microlib/init/entry.s            0x00000000   Number         0  entry7a.o ABSOLUTE
    ../clib/microlib/init/entry.s            0x00000000   Number         0  entry5.o ABSOLUTE
    ../clib/microlib/init/entry.s            0x00000000   Number         0  entry2.o ABSOLUTE
    ../clib/microlib/init/entry.s            0x00000000   Number         0  entry7b.o ABSOLUTE
    ../clib/microlib/init/entry.s            0x00000000   Number         0  entry12a.o ABSOLUTE
    ../clib/microlib/init/entry.s            0x00000000   Number         0  entry.o ABSOLUTE
    ../clib/microlib/init/entry.s            0x00000000   Number         0  entry11b.o ABSOLUTE
    ../clib/microlib/init/entry.s            0x00000000   Number         0  entry11a.o ABSOLUTE
    ../clib/microlib/init/entry.s            0x00000000   Number         0  entry10b.o ABSOLUTE
    ../clib/microlib/longlong.c              0x00000000   Number         0  llshl.o ABSOLUTE
    ../clib/microlib/longlong.c              0x00000000   Number         0  llushr.o ABSOLUTE
    ../clib/microlib/longlong.c              0x00000000   Number         0  llsshr.o ABSOLUTE
    ../clib/microlib/printf/printf.c         0x00000000   Number         0  printfa.o ABSOLUTE
    ../clib/microlib/printf/printf.c         0x00000000   Number         0  printf7.o ABSOLUTE
    ../clib/microlib/printf/printf.c         0x00000000   Number         0  printf1.o ABSOLUTE
    ../clib/microlib/printf/printf.c         0x00000000   Number         0  printfb.o ABSOLUTE
    ../clib/microlib/printf/printf.c         0x00000000   Number         0  printf0.o ABSOLUTE
    ../clib/microlib/printf/printf.c         0x00000000   Number         0  printf6.o ABSOLUTE
    ../clib/microlib/printf/printf.c         0x00000000   Number         0  printf8.o ABSOLUTE
    ../clib/microlib/printf/printf.c         0x00000000   Number         0  printf2.o ABSOLUTE
    ../clib/microlib/printf/printf.c         0x00000000   Number         0  printf3.o ABSOLUTE
    ../clib/microlib/printf/printf.c         0x00000000   Number         0  printf4.o ABSOLUTE
    ../clib/microlib/printf/printf.c         0x00000000   Number         0  printf5.o ABSOLUTE
    ../clib/microlib/printf/stubs.s          0x00000000   Number         0  stubs.o ABSOLUTE
    ../clib/microlib/string/memset.c         0x00000000   Number         0  memseta.o ABSOLUTE
    ../clib/microlib/string/strlen.c         0x00000000   Number         0  strlen.o ABSOLUTE
    ../clib/microlib/stubs.s                 0x00000000   Number         0  useno.o ABSOLUTE
    ../clib/microlib/stubs.s                 0x00000000   Number         0  iusefp.o ABSOLUTE
    ../fplib/microlib/f2d.c                  0x00000000   Number         0  f2d.o ABSOLUTE
    ../fplib/microlib/fpadd.c                0x00000000   Number         0  dadd.o ABSOLUTE
    ../fplib/microlib/fpdiv.c                0x00000000   Number         0  ddiv.o ABSOLUTE
    ../fplib/microlib/fpepilogue.c           0x00000000   Number         0  depilogue.o ABSOLUTE
    ../fplib/microlib/fpfix.c                0x00000000   Number         0  dfixul.o ABSOLUTE
    ../fplib/microlib/fpfix.c                0x00000000   Number         0  dfixui.o ABSOLUTE
    ../fplib/microlib/fpflt.c                0x00000000   Number         0  dfltui.o ABSOLUTE
    ../fplib/microlib/fpmul.c                0x00000000   Number         0  dmul.o ABSOLUTE
    ..\Core\Src\fsmc.c                       0x00000000   Number         0  fsmc.o ABSOLUTE
    ..\Core\Src\gpio.c                       0x00000000   Number         0  gpio.o ABSOLUTE
    ..\Core\Src\main.c                       0x00000000   Number         0  main.o ABSOLUTE
    ..\Core\Src\sdio.c                       0x00000000   Number         0  sdio.o ABSOLUTE
    ..\Core\Src\spi.c                        0x00000000   Number         0  spi.o ABSOLUTE
    ..\Core\Src\stm32f4xx_hal_msp.c          0x00000000   Number         0  stm32f4xx_hal_msp.o ABSOLUTE
    ..\Core\Src\stm32f4xx_it.c               0x00000000   Number         0  stm32f4xx_it.o ABSOLUTE
    ..\Core\Src\system_stm32f4xx.c           0x00000000   Number         0  system_stm32f4xx.o ABSOLUTE
    ..\Core\Src\usart.c                      0x00000000   Number         0  usart.o ABSOLUTE
    ..\Drivers\STM32F4xx_HAL_Driver\Src\stm32f4xx_hal.c 0x00000000   Number         0  stm32f4xx_hal.o ABSOLUTE
    ..\Drivers\STM32F4xx_HAL_Driver\Src\stm32f4xx_hal_cortex.c 0x00000000   Number         0  stm32f4xx_hal_cortex.o ABSOLUTE
    ..\Drivers\STM32F4xx_HAL_Driver\Src\stm32f4xx_hal_dma.c 0x00000000   Number         0  stm32f4xx_hal_dma.o ABSOLUTE
    ..\Drivers\STM32F4xx_HAL_Driver\Src\stm32f4xx_hal_dma_ex.c 0x00000000   Number         0  stm32f4xx_hal_dma_ex.o ABSOLUTE
    ..\Drivers\STM32F4xx_HAL_Driver\Src\stm32f4xx_hal_exti.c 0x00000000   Number         0  stm32f4xx_hal_exti.o ABSOLUTE
    ..\Drivers\STM32F4xx_HAL_Driver\Src\stm32f4xx_hal_flash.c 0x00000000   Number         0  stm32f4xx_hal_flash.o ABSOLUTE
    ..\Drivers\STM32F4xx_HAL_Driver\Src\stm32f4xx_hal_flash_ex.c 0x00000000   Number         0  stm32f4xx_hal_flash_ex.o ABSOLUTE
    ..\Drivers\STM32F4xx_HAL_Driver\Src\stm32f4xx_hal_flash_ramfunc.c 0x00000000   Number         0  stm32f4xx_hal_flash_ramfunc.o ABSOLUTE
    ..\Drivers\STM32F4xx_HAL_Driver\Src\stm32f4xx_hal_gpio.c 0x00000000   Number         0  stm32f4xx_hal_gpio.o ABSOLUTE
    ..\Drivers\STM32F4xx_HAL_Driver\Src\stm32f4xx_hal_pwr.c 0x00000000   Number         0  stm32f4xx_hal_pwr.o ABSOLUTE
    ..\Drivers\STM32F4xx_HAL_Driver\Src\stm32f4xx_hal_pwr_ex.c 0x00000000   Number         0  stm32f4xx_hal_pwr_ex.o ABSOLUTE
    ..\Drivers\STM32F4xx_HAL_Driver\Src\stm32f4xx_hal_rcc.c 0x00000000   Number         0  stm32f4xx_hal_rcc.o ABSOLUTE
    ..\Drivers\STM32F4xx_HAL_Driver\Src\stm32f4xx_hal_rcc_ex.c 0x00000000   Number         0  stm32f4xx_hal_rcc_ex.o ABSOLUTE
    ..\Drivers\STM32F4xx_HAL_Driver\Src\stm32f4xx_hal_sd.c 0x00000000   Number         0  stm32f4xx_hal_sd.o ABSOLUTE
    ..\Drivers\STM32F4xx_HAL_Driver\Src\stm32f4xx_hal_spi.c 0x00000000   Number         0  stm32f4xx_hal_spi.o ABSOLUTE
    ..\Drivers\STM32F4xx_HAL_Driver\Src\stm32f4xx_hal_sram.c 0x00000000   Number         0  stm32f4xx_hal_sram.o ABSOLUTE
    ..\Drivers\STM32F4xx_HAL_Driver\Src\stm32f4xx_hal_tim.c 0x00000000   Number         0  stm32f4xx_hal_tim.o ABSOLUTE
    ..\Drivers\STM32F4xx_HAL_Driver\Src\stm32f4xx_hal_tim_ex.c 0x00000000   Number         0  stm32f4xx_hal_tim_ex.o ABSOLUTE
    ..\Drivers\STM32F4xx_HAL_Driver\Src\stm32f4xx_hal_uart.c 0x00000000   Number         0  stm32f4xx_hal_uart.o ABSOLUTE
    ..\Drivers\STM32F4xx_HAL_Driver\Src\stm32f4xx_ll_fsmc.c 0x00000000   Number         0  stm32f4xx_ll_fsmc.o ABSOLUTE
    ..\Drivers\STM32F4xx_HAL_Driver\Src\stm32f4xx_ll_sdmmc.c 0x00000000   Number         0  stm32f4xx_ll_sdmmc.o ABSOLUTE
    ..\HARDWARE\DELAY\delay.c                0x00000000   Number         0  delay.o ABSOLUTE
    ..\HARDWARE\LCD\lcd.c                    0x00000000   Number         0  lcd.o ABSOLUTE
    ..\HARDWARE\Sys_Bit_Control\Bit_Control.c 0x00000000   Number         0  bit_control.o ABSOLUTE
    ..\HARDWARE\USART\XK_Usart.c             0x00000000   Number         0  xk_usart.o ABSOLUTE
    ..\HARDWARE\W25Qxx\W25Qxx.c              0x00000000   Number         0  w25qxx.o ABSOLUTE
    ..\\HARDWARE\\DELAY\\delay.c             0x00000000   Number         0  delay.o ABSOLUTE
    ..\\HARDWARE\\LCD\\lcd.c                 0x00000000   Number         0  lcd.o ABSOLUTE
    ..\\HARDWARE\\Sys_Bit_Control\\Bit_Control.c 0x00000000   Number         0  bit_control.o ABSOLUTE
    ..\\HARDWARE\\USART\\XK_Usart.c          0x00000000   Number         0  xk_usart.o ABSOLUTE
    ..\\HARDWARE\\W25Qxx\\W25Qxx.c           0x00000000   Number         0  w25qxx.o ABSOLUTE
    cdrcmple.s                               0x00000000   Number         0  cdrcmple.o ABSOLUTE
    dc.s                                     0x00000000   Number         0  dc.o ABSOLUTE
    handlers.s                               0x00000000   Number         0  handlers.o ABSOLUTE
    init.s                                   0x00000000   Number         0  init.o ABSOLUTE
    startup_stm32f407xx.s                    0x00000000   Number         0  startup_stm32f407xx.o ABSOLUTE
    RESET                                    0x08000000   Section      392  startup_stm32f407xx.o(RESET)
    .ARM.Collect$$$$00000000                 0x08000188   Section        0  entry.o(.ARM.Collect$$$$00000000)
    .ARM.Collect$$$$00000001                 0x08000188   Section        4  entry2.o(.ARM.Collect$$$$00000001)
    .ARM.Collect$$$$00000004                 0x0800018c   Section        4  entry5.o(.ARM.Collect$$$$00000004)
    .ARM.Collect$$$$00000008                 0x08000190   Section        0  entry7b.o(.ARM.Collect$$$$00000008)
    .ARM.Collect$$$$0000000A                 0x08000190   Section        0  entry8b.o(.ARM.Collect$$$$0000000A)
    .ARM.Collect$$$$0000000B                 0x08000190   Section        8  entry9a.o(.ARM.Collect$$$$0000000B)
    .ARM.Collect$$$$0000000E                 0x08000198   Section        4  entry12b.o(.ARM.Collect$$$$0000000E)
    .ARM.Collect$$$$0000000F                 0x0800019c   Section        0  entry10a.o(.ARM.Collect$$$$0000000F)
    .ARM.Collect$$$$00000011                 0x0800019c   Section        0  entry11a.o(.ARM.Collect$$$$00000011)
    .ARM.Collect$$$$00002712                 0x0800019c   Section        4  entry2.o(.ARM.Collect$$$$00002712)
    __lit__00000000                          0x0800019c   Data           4  entry2.o(.ARM.Collect$$$$00002712)
    .text                                    0x080001a0   Section       36  startup_stm32f407xx.o(.text)
    $v0                                      0x080001a0   Number         0  startup_stm32f407xx.o(.text)
    .text                                    0x080001c4   Section        0  uldiv.o(.text)
    .text                                    0x08000226   Section        0  memseta.o(.text)
    .text                                    0x0800024a   Section        0  dmul.o(.text)
    .text                                    0x0800032e   Section        0  dfltui.o(.text)
    .text                                    0x08000348   Section        0  dfixui.o(.text)
    .text                                    0x0800037a   Section        0  f2d.o(.text)
    .text                                    0x080003a0   Section        0  uidiv.o(.text)
    .text                                    0x080003cc   Section        0  llshl.o(.text)
    .text                                    0x080003ea   Section        0  llushr.o(.text)
    .text                                    0x0800040a   Section        0  depilogue.o(.text)
    .text                                    0x0800040a   Section        0  iusefp.o(.text)
    .text                                    0x080004c4   Section        0  dadd.o(.text)
    .text                                    0x08000612   Section        0  ddiv.o(.text)
    .text                                    0x080006f0   Section        0  dfixul.o(.text)
    .text                                    0x08000720   Section       48  cdrcmple.o(.text)
    .text                                    0x08000750   Section       36  init.o(.text)
    .text                                    0x08000774   Section        0  llsshr.o(.text)
    i.BusFault_Handler                       0x08000798   Section        0  stm32f4xx_it.o(i.BusFault_Handler)
    i.DebugMon_Handler                       0x0800079a   Section        0  stm32f4xx_it.o(i.DebugMon_Handler)
    i.Error_Handler                          0x0800079c   Section        0  main.o(i.Error_Handler)
    i.FSMC_NORSRAM_Extended_Timing_Init      0x080007a0   Section        0  stm32f4xx_ll_fsmc.o(i.FSMC_NORSRAM_Extended_Timing_Init)
    i.FSMC_NORSRAM_Init                      0x080007dc   Section        0  stm32f4xx_ll_fsmc.o(i.FSMC_NORSRAM_Init)
    i.FSMC_NORSRAM_Timing_Init               0x08000844   Section        0  stm32f4xx_ll_fsmc.o(i.FSMC_NORSRAM_Timing_Init)
    i.HAL_DMA_Abort                          0x08000888   Section        0  stm32f4xx_hal_dma.o(i.HAL_DMA_Abort)
    i.HAL_DMA_Abort_IT                       0x0800091a   Section        0  stm32f4xx_hal_dma.o(i.HAL_DMA_Abort_IT)
    i.HAL_Delay                              0x08000940   Section        0  stm32f4xx_hal.o(i.HAL_Delay)
    i.HAL_FSMC_MspInit                       0x08000964   Section        0  fsmc.o(i.HAL_FSMC_MspInit)
    HAL_FSMC_MspInit                         0x08000965   Thumb Code    98  fsmc.o(i.HAL_FSMC_MspInit)
    i.HAL_GPIO_Init                          0x080009d8   Section        0  stm32f4xx_hal_gpio.o(i.HAL_GPIO_Init)
    i.HAL_GPIO_WritePin                      0x08000bc8   Section        0  stm32f4xx_hal_gpio.o(i.HAL_GPIO_WritePin)
    i.HAL_GetTick                            0x08000bd4   Section        0  stm32f4xx_hal.o(i.HAL_GetTick)
    i.HAL_IncTick                            0x08000be0   Section        0  stm32f4xx_hal.o(i.HAL_IncTick)
    i.HAL_Init                               0x08000bf0   Section        0  stm32f4xx_hal.o(i.HAL_Init)
    i.HAL_InitTick                           0x08000c24   Section        0  stm32f4xx_hal.o(i.HAL_InitTick)
    i.HAL_MspInit                            0x08000c64   Section        0  stm32f4xx_hal_msp.o(i.HAL_MspInit)
    i.HAL_NVIC_EnableIRQ                     0x08000c94   Section        0  stm32f4xx_hal_cortex.o(i.HAL_NVIC_EnableIRQ)
    i.HAL_NVIC_SetPriority                   0x08000cb0   Section        0  stm32f4xx_hal_cortex.o(i.HAL_NVIC_SetPriority)
    i.HAL_NVIC_SetPriorityGrouping           0x08000cf0   Section        0  stm32f4xx_hal_cortex.o(i.HAL_NVIC_SetPriorityGrouping)
    i.HAL_RCC_ClockConfig                    0x08000d14   Section        0  stm32f4xx_hal_rcc.o(i.HAL_RCC_ClockConfig)
    i.HAL_RCC_GetPCLK1Freq                   0x08000e48   Section        0  stm32f4xx_hal_rcc.o(i.HAL_RCC_GetPCLK1Freq)
    i.HAL_RCC_GetPCLK2Freq                   0x08000e68   Section        0  stm32f4xx_hal_rcc.o(i.HAL_RCC_GetPCLK2Freq)
    i.HAL_RCC_GetSysClockFreq                0x08000e88   Section        0  stm32f4xx_hal_rcc.o(i.HAL_RCC_GetSysClockFreq)
    i.HAL_RCC_OscConfig                      0x08000eec   Section        0  stm32f4xx_hal_rcc.o(i.HAL_RCC_OscConfig)
    i.HAL_SD_AbortCallback                   0x08001258   Section        0  stm32f4xx_hal_sd.o(i.HAL_SD_AbortCallback)
    i.HAL_SD_ConfigWideBusOperation          0x0800125c   Section        0  stm32f4xx_hal_sd.o(i.HAL_SD_ConfigWideBusOperation)
    i.HAL_SD_ErrorCallback                   0x08001374   Section        0  stm32f4xx_hal_sd.o(i.HAL_SD_ErrorCallback)
    i.HAL_SD_GetCardCSD                      0x08001378   Section        0  stm32f4xx_hal_sd.o(i.HAL_SD_GetCardCSD)
    i.HAL_SD_GetCardState                    0x08001510   Section        0  stm32f4xx_hal_sd.o(i.HAL_SD_GetCardState)
    i.HAL_SD_IRQHandler                      0x0800153c   Section        0  stm32f4xx_hal_sd.o(i.HAL_SD_IRQHandler)
    i.HAL_SD_Init                            0x08001744   Section        0  stm32f4xx_hal_sd.o(i.HAL_SD_Init)
    i.HAL_SD_InitCard                        0x0800177c   Section        0  stm32f4xx_hal_sd.o(i.HAL_SD_InitCard)
    i.HAL_SD_MspInit                         0x080017f8   Section        0  sdio.o(i.HAL_SD_MspInit)
    i.HAL_SD_RxCpltCallback                  0x0800189c   Section        0  stm32f4xx_hal_sd.o(i.HAL_SD_RxCpltCallback)
    i.HAL_SD_TxCpltCallback                  0x0800189e   Section        0  stm32f4xx_hal_sd.o(i.HAL_SD_TxCpltCallback)
    i.HAL_SPI_Init                           0x080018a0   Section        0  stm32f4xx_hal_spi.o(i.HAL_SPI_Init)
    i.HAL_SPI_MspInit                        0x0800195c   Section        0  spi.o(i.HAL_SPI_MspInit)
    i.HAL_SPI_TransmitReceive                0x080019c8   Section        0  stm32f4xx_hal_spi.o(i.HAL_SPI_TransmitReceive)
    i.HAL_SRAM_Init                          0x08001bb6   Section        0  stm32f4xx_hal_sram.o(i.HAL_SRAM_Init)
    i.HAL_SRAM_MspInit                       0x08001c12   Section        0  fsmc.o(i.HAL_SRAM_MspInit)
    i.HAL_SYSTICK_Config                     0x08001c16   Section        0  stm32f4xx_hal_cortex.o(i.HAL_SYSTICK_Config)
    i.HAL_UARTEx_RxEventCallback             0x08001c3e   Section        0  stm32f4xx_hal_uart.o(i.HAL_UARTEx_RxEventCallback)
    i.HAL_UART_ErrorCallback                 0x08001c40   Section        0  stm32f4xx_hal_uart.o(i.HAL_UART_ErrorCallback)
    i.HAL_UART_IRQHandler                    0x08001c44   Section        0  stm32f4xx_hal_uart.o(i.HAL_UART_IRQHandler)
    i.HAL_UART_Init                          0x08001eb4   Section        0  stm32f4xx_hal_uart.o(i.HAL_UART_Init)
    i.HAL_UART_MspInit                       0x08001f18   Section        0  usart.o(i.HAL_UART_MspInit)
    i.HAL_UART_RxCpltCallback                0x08001f94   Section        0  stm32f4xx_hal_uart.o(i.HAL_UART_RxCpltCallback)
    i.HAL_UART_TxCpltCallback                0x08001f96   Section        0  stm32f4xx_hal_uart.o(i.HAL_UART_TxCpltCallback)
    i.HardFault_Handler                      0x08001f98   Section        0  stm32f4xx_it.o(i.HardFault_Handler)
    i.LCD_Clear                              0x08001f9c   Section        0  lcd.o(i.LCD_Clear)
    i.LCD_Display_Dir                        0x08001fcc   Section        0  lcd.o(i.LCD_Display_Dir)
    i.LCD_Fast_DrawPoint                     0x08002084   Section        0  lcd.o(i.LCD_Fast_DrawPoint)
    i.LCD_Init                               0x08002154   Section        0  lcd.o(i.LCD_Init)
    i.LCD_RD_DATA                            0x08004618   Section        0  lcd.o(i.LCD_RD_DATA)
    i.LCD_SSD_BackLightSet                   0x08004628   Section        0  lcd.o(i.LCD_SSD_BackLightSet)
    i.LCD_Scan_Dir                           0x08004678   Section        0  lcd.o(i.LCD_Scan_Dir)
    i.LCD_SetCursor                          0x080047f8   Section        0  lcd.o(i.LCD_SetCursor)
    i.LCD_ShowChar                           0x080048ec   Section        0  lcd.o(i.LCD_ShowChar)
    i.LCD_ShowString                         0x080049c0   Section        0  lcd.o(i.LCD_ShowString)
    i.LCD_WR_DATA                            0x08004a14   Section        0  lcd.o(i.LCD_WR_DATA)
    i.LCD_WR_REG                             0x08004a24   Section        0  lcd.o(i.LCD_WR_REG)
    i.LCD_WriteRAM_Prepare                   0x08004a34   Section        0  lcd.o(i.LCD_WriteRAM_Prepare)
    i.LCD_WriteReg                           0x08004a44   Section        0  lcd.o(i.LCD_WriteReg)
    i.LCD_printf                             0x08004a52   Section        0  lcd.o(i.LCD_printf)
    i.MX_FSMC_Init                           0x08004a84   Section        0  fsmc.o(i.MX_FSMC_Init)
    i.MX_GPIO_Init                           0x08004b08   Section        0  gpio.o(i.MX_GPIO_Init)
    i.MX_SDIO_SD_Init                        0x08004bec   Section        0  sdio.o(i.MX_SDIO_SD_Init)
    i.MX_SPI2_Init                           0x08004c30   Section        0  spi.o(i.MX_SPI2_Init)
    i.MX_USART1_UART_Init                    0x08004c74   Section        0  usart.o(i.MX_USART1_UART_Init)
    i.MemManage_Handler                      0x08004cac   Section        0  stm32f4xx_it.o(i.MemManage_Handler)
    i.NMI_Handler                            0x08004cae   Section        0  stm32f4xx_it.o(i.NMI_Handler)
    i.PendSV_Handler                         0x08004cb0   Section        0  stm32f4xx_it.o(i.PendSV_Handler)
    i.SDIO_ConfigData                        0x08004cb2   Section        0  stm32f4xx_ll_sdmmc.o(i.SDIO_ConfigData)
    i.SDIO_GetPowerState                     0x08004cd6   Section        0  stm32f4xx_ll_sdmmc.o(i.SDIO_GetPowerState)
    i.SDIO_GetResponse                       0x08004cde   Section        0  stm32f4xx_ll_sdmmc.o(i.SDIO_GetResponse)
    i.SDIO_IRQHandler                        0x08004ce4   Section        0  stm32f4xx_it.o(i.SDIO_IRQHandler)
    i.SDIO_Init                              0x08004cf0   Section        0  stm32f4xx_ll_sdmmc.o(i.SDIO_Init)
    i.SDIO_PowerState_ON                     0x08004d14   Section        0  stm32f4xx_ll_sdmmc.o(i.SDIO_PowerState_ON)
    i.SDIO_ReadFIFO                          0x08004d1c   Section        0  stm32f4xx_ll_sdmmc.o(i.SDIO_ReadFIFO)
    i.SDIO_SendCommand                       0x08004d22   Section        0  stm32f4xx_ll_sdmmc.o(i.SDIO_SendCommand)
    i.SDIO_WriteFIFO                         0x08004d42   Section        0  stm32f4xx_ll_sdmmc.o(i.SDIO_WriteFIFO)
    i.SDMMC_CmdAppCommand                    0x08004d4c   Section        0  stm32f4xx_ll_sdmmc.o(i.SDMMC_CmdAppCommand)
    i.SDMMC_CmdAppOperCommand                0x08004d80   Section        0  stm32f4xx_ll_sdmmc.o(i.SDMMC_CmdAppOperCommand)
    i.SDMMC_CmdBlockLength                   0x08004db4   Section        0  stm32f4xx_ll_sdmmc.o(i.SDMMC_CmdBlockLength)
    i.SDMMC_CmdBusWidth                      0x08004de6   Section        0  stm32f4xx_ll_sdmmc.o(i.SDMMC_CmdBusWidth)
    i.SDMMC_CmdGoIdleState                   0x08004e18   Section        0  stm32f4xx_ll_sdmmc.o(i.SDMMC_CmdGoIdleState)
    i.SDMMC_CmdOperCond                      0x08004e68   Section        0  stm32f4xx_ll_sdmmc.o(i.SDMMC_CmdOperCond)
    i.SDMMC_CmdSelDesel                      0x08004e98   Section        0  stm32f4xx_ll_sdmmc.o(i.SDMMC_CmdSelDesel)
    i.SDMMC_CmdSendCID                       0x08004eca   Section        0  stm32f4xx_ll_sdmmc.o(i.SDMMC_CmdSendCID)
    i.SDMMC_CmdSendCSD                       0x08004ef6   Section        0  stm32f4xx_ll_sdmmc.o(i.SDMMC_CmdSendCSD)
    i.SDMMC_CmdSendSCR                       0x08004f22   Section        0  stm32f4xx_ll_sdmmc.o(i.SDMMC_CmdSendSCR)
    i.SDMMC_CmdSendStatus                    0x08004f52   Section        0  stm32f4xx_ll_sdmmc.o(i.SDMMC_CmdSendStatus)
    i.SDMMC_CmdSetRelAdd                     0x08004f84   Section        0  stm32f4xx_ll_sdmmc.o(i.SDMMC_CmdSetRelAdd)
    i.SDMMC_CmdStopTransfer                  0x08004fb4   Section        0  stm32f4xx_ll_sdmmc.o(i.SDMMC_CmdStopTransfer)
    i.SDMMC_GetCmdResp1                      0x08004fe8   Section        0  stm32f4xx_ll_sdmmc.o(i.SDMMC_GetCmdResp1)
    i.SDMMC_GetCmdResp2                      0x08005108   Section        0  stm32f4xx_ll_sdmmc.o(i.SDMMC_GetCmdResp2)
    i.SDMMC_GetCmdResp3                      0x08005158   Section        0  stm32f4xx_ll_sdmmc.o(i.SDMMC_GetCmdResp3)
    i.SDMMC_GetCmdResp6                      0x0800519c   Section        0  stm32f4xx_ll_sdmmc.o(i.SDMMC_GetCmdResp6)
    i.SDMMC_GetCmdResp7                      0x08005224   Section        0  stm32f4xx_ll_sdmmc.o(i.SDMMC_GetCmdResp7)
    i.SD_DMARxAbort                          0x0800527c   Section        0  stm32f4xx_hal_sd.o(i.SD_DMARxAbort)
    SD_DMARxAbort                            0x0800527d   Thumb Code    68  stm32f4xx_hal_sd.o(i.SD_DMARxAbort)
    i.SD_DMATxAbort                          0x080052c0   Section        0  stm32f4xx_hal_sd.o(i.SD_DMATxAbort)
    SD_DMATxAbort                            0x080052c1   Thumb Code    68  stm32f4xx_hal_sd.o(i.SD_DMATxAbort)
    i.SD_FindSCR                             0x08005304   Section        0  stm32f4xx_hal_sd.o(i.SD_FindSCR)
    SD_FindSCR                               0x08005305   Thumb Code   224  stm32f4xx_hal_sd.o(i.SD_FindSCR)
    i.SD_InitCard                            0x080053e4   Section        0  stm32f4xx_hal_sd.o(i.SD_InitCard)
    SD_InitCard                              0x080053e5   Thumb Code   238  stm32f4xx_hal_sd.o(i.SD_InitCard)
    i.SD_PowerON                             0x080054d4   Section        0  stm32f4xx_hal_sd.o(i.SD_PowerON)
    SD_PowerON                               0x080054d5   Thumb Code   174  stm32f4xx_hal_sd.o(i.SD_PowerON)
    i.SPI2_ReadWriteByte                     0x08005588   Section        0  w25qxx.o(i.SPI2_ReadWriteByte)
    i.SPI2_SetSpeed                          0x080055a8   Section        0  w25qxx.o(i.SPI2_SetSpeed)
    i.SPI_EndRxTxTransaction                 0x080055dc   Section        0  stm32f4xx_hal_spi.o(i.SPI_EndRxTxTransaction)
    SPI_EndRxTxTransaction                   0x080055dd   Thumb Code    98  stm32f4xx_hal_spi.o(i.SPI_EndRxTxTransaction)
    i.SPI_WaitFlagStateUntilTimeout          0x08005648   Section        0  stm32f4xx_hal_spi.o(i.SPI_WaitFlagStateUntilTimeout)
    SPI_WaitFlagStateUntilTimeout            0x08005649   Thumb Code   180  stm32f4xx_hal_spi.o(i.SPI_WaitFlagStateUntilTimeout)
    i.SVC_Handler                            0x08005700   Section        0  stm32f4xx_it.o(i.SVC_Handler)
    i.SysTick_Handler                        0x08005702   Section        0  stm32f4xx_it.o(i.SysTick_Handler)
    i.SystemClock_Config                     0x08005708   Section        0  main.o(i.SystemClock_Config)
    i.SystemInit                             0x0800579c   Section        0  system_stm32f4xx.o(i.SystemInit)
    i.UART_DMAAbortOnError                   0x080057ac   Section        0  stm32f4xx_hal_uart.o(i.UART_DMAAbortOnError)
    UART_DMAAbortOnError                     0x080057ad   Thumb Code    16  stm32f4xx_hal_uart.o(i.UART_DMAAbortOnError)
    i.UART_EndRxTransfer                     0x080057bc   Section        0  stm32f4xx_hal_uart.o(i.UART_EndRxTransfer)
    UART_EndRxTransfer                       0x080057bd   Thumb Code    78  stm32f4xx_hal_uart.o(i.UART_EndRxTransfer)
    i.UART_Receive_IT                        0x0800580a   Section        0  stm32f4xx_hal_uart.o(i.UART_Receive_IT)
    UART_Receive_IT                          0x0800580b   Thumb Code   194  stm32f4xx_hal_uart.o(i.UART_Receive_IT)
    i.UART_SetConfig                         0x080058cc   Section        0  stm32f4xx_hal_uart.o(i.UART_SetConfig)
    UART_SetConfig                           0x080058cd   Thumb Code   258  stm32f4xx_hal_uart.o(i.UART_SetConfig)
    i.USART1_IRQHandler                      0x080059d8   Section        0  stm32f4xx_it.o(i.USART1_IRQHandler)
    i.UsageFault_Handler                     0x080059e4   Section        0  stm32f4xx_it.o(i.UsageFault_Handler)
    i.W25QXX_Init                            0x080059e8   Section        0  w25qxx.o(i.W25QXX_Init)
    i.W25QXX_ReadID                          0x08005a30   Section        0  w25qxx.o(i.W25QXX_ReadID)
    i.W25QXX_ReadSR                          0x08005a74   Section        0  w25qxx.o(i.W25QXX_ReadSR)
    i.__0printf                              0x08005aac   Section        0  printfa.o(i.__0printf)
    i.__0vsprintf                            0x08005acc   Section        0  printfa.o(i.__0vsprintf)
    i.__NVIC_SetPriority                     0x08005af0   Section        0  stm32f4xx_hal_cortex.o(i.__NVIC_SetPriority)
    __NVIC_SetPriority                       0x08005af1   Thumb Code    32  stm32f4xx_hal_cortex.o(i.__NVIC_SetPriority)
    i.__scatterload_copy                     0x08005b10   Section       14  handlers.o(i.__scatterload_copy)
    i.__scatterload_null                     0x08005b1e   Section        2  handlers.o(i.__scatterload_null)
    i.__scatterload_zeroinit                 0x08005b20   Section       14  handlers.o(i.__scatterload_zeroinit)
    i._fp_digits                             0x08005b30   Section        0  printfa.o(i._fp_digits)
    _fp_digits                               0x08005b31   Thumb Code   366  printfa.o(i._fp_digits)
    i._printf_core                           0x08005cb4   Section        0  printfa.o(i._printf_core)
    _printf_core                             0x08005cb5   Thumb Code  1704  printfa.o(i._printf_core)
    i._printf_post_padding                   0x08006368   Section        0  printfa.o(i._printf_post_padding)
    _printf_post_padding                     0x08006369   Thumb Code    36  printfa.o(i._printf_post_padding)
    i._printf_pre_padding                    0x0800638c   Section        0  printfa.o(i._printf_pre_padding)
    _printf_pre_padding                      0x0800638d   Thumb Code    46  printfa.o(i._printf_pre_padding)
    i._sputc                                 0x080063ba   Section        0  printfa.o(i._sputc)
    _sputc                                   0x080063bb   Thumb Code    10  printfa.o(i._sputc)
    i.fputc                                  0x080063c4   Section        0  xk_usart.o(i.fputc)
    i.main                                   0x080063d8   Section        0  main.o(i.main)
    .constdata                               0x08006544   Section       16  system_stm32f4xx.o(.constdata)
    .constdata                               0x08006554   Section        8  system_stm32f4xx.o(.constdata)
    .constdata                               0x0800655c   Section     6080  lcd.o(.constdata)
    .data                                    0x20000000   Section        8  fsmc.o(.data)
    FSMC_Initialized                         0x20000000   Data           4  fsmc.o(.data)
    FSMC_DeInitialized                       0x20000004   Data           4  fsmc.o(.data)
    .data                                    0x20000008   Section       12  stm32f4xx_hal.o(.data)
    .data                                    0x20000014   Section        4  system_stm32f4xx.o(.data)
    .data                                    0x20000018   Section        8  lcd.o(.data)
    .data                                    0x20000020   Section        4  xk_usart.o(.data)
    .data                                    0x20000024   Section        2  w25qxx.o(.data)
    .bss                                     0x20000028   Section       80  fsmc.o(.bss)
    .bss                                     0x20000078   Section      132  sdio.o(.bss)
    .bss                                     0x200000fc   Section       88  spi.o(.bss)
    .bss                                     0x20000154   Section       72  usart.o(.bss)
    .bss                                     0x2000019c   Section       14  lcd.o(.bss)
    STACK                                    0x200001b0   Section     1024  startup_stm32f407xx.o(STACK)

    Global Symbols

    Symbol Name                              Value     Ov Type        Size  Object(Section)

    BuildAttributes$$THM_ISAv4$E$P$D$K$B$S$7EM$VFPi3$EXTD16$VFPS$VFMA$PE$A:L22UL41UL21$X:L11$S22US41US21$IEEE1$IW$USESV6$~STKCKD$USESV7$~SHL$OSPACE$ROPI$EBA8$MICROLIB$REQ8$PRES8$EABIv2 0x00000000   Number         0  anon$$obj.o ABSOLUTE
    __ARM_use_no_argv                        0x00000000   Number         0  main.o ABSOLUTE
    __use_no_errno                           0x00000000   Number         0  useno.o ABSOLUTE
    __use_no_exception_handling              0x00000000   Number         0  useno.o ABSOLUTE
    __use_no_fp                              0x00000000   Number         0  useno.o ABSOLUTE
    __use_no_heap                            0x00000000   Number         0  useno.o ABSOLUTE
    __use_no_heap_region                     0x00000000   Number         0  useno.o ABSOLUTE
    __use_no_semihosting                     0x00000000   Number         0  useno.o ABSOLUTE
    __use_no_semihosting_swi                 0x00000000   Number         0  useno.o ABSOLUTE
    __use_no_signal_handling                 0x00000000   Number         0  useno.o ABSOLUTE
    _printf_a                                0x00000000   Number         0  stubs.o ABSOLUTE
    _printf_c                                0x00000000   Number         0  stubs.o ABSOLUTE
    _printf_charcount                        0x00000000   Number         0  stubs.o ABSOLUTE
    _printf_d                                0x00000000   Number         0  stubs.o ABSOLUTE
    _printf_e                                0x00000000   Number         0  stubs.o ABSOLUTE
    _printf_f                                0x00000000   Number         0  stubs.o ABSOLUTE
    _printf_flags                            0x00000000   Number         0  stubs.o ABSOLUTE
    _printf_fp_dec                           0x00000000   Number         0  stubs.o ABSOLUTE
    _printf_fp_hex                           0x00000000   Number         0  stubs.o ABSOLUTE
    _printf_g                                0x00000000   Number         0  stubs.o ABSOLUTE
    _printf_i                                0x00000000   Number         0  stubs.o ABSOLUTE
    _printf_int_dec                          0x00000000   Number         0  stubs.o ABSOLUTE
    _printf_l                                0x00000000   Number         0  stubs.o ABSOLUTE
    _printf_lc                               0x00000000   Number         0  stubs.o ABSOLUTE
    _printf_ll                               0x00000000   Number         0  stubs.o ABSOLUTE
    _printf_lld                              0x00000000   Number         0  stubs.o ABSOLUTE
    _printf_lli                              0x00000000   Number         0  stubs.o ABSOLUTE
    _printf_llo                              0x00000000   Number         0  stubs.o ABSOLUTE
    _printf_llu                              0x00000000   Number         0  stubs.o ABSOLUTE
    _printf_llx                              0x00000000   Number         0  stubs.o ABSOLUTE
    _printf_longlong_dec                     0x00000000   Number         0  stubs.o ABSOLUTE
    _printf_longlong_hex                     0x00000000   Number         0  stubs.o ABSOLUTE
    _printf_longlong_oct                     0x00000000   Number         0  stubs.o ABSOLUTE
    _printf_ls                               0x00000000   Number         0  stubs.o ABSOLUTE
    _printf_mbtowc                           0x00000000   Number         0  stubs.o ABSOLUTE
    _printf_n                                0x00000000   Number         0  stubs.o ABSOLUTE
    _printf_o                                0x00000000   Number         0  stubs.o ABSOLUTE
    _printf_p                                0x00000000   Number         0  stubs.o ABSOLUTE
    _printf_percent                          0x00000000   Number         0  stubs.o ABSOLUTE
    _printf_pre_padding                      0x00000000   Number         0  stubs.o ABSOLUTE
    _printf_return_value                     0x00000000   Number         0  stubs.o ABSOLUTE
    _printf_s                                0x00000000   Number         0  stubs.o ABSOLUTE
    _printf_sizespec                         0x00000000   Number         0  stubs.o ABSOLUTE
    _printf_str                              0x00000000   Number         0  stubs.o ABSOLUTE
    _printf_truncate_signed                  0x00000000   Number         0  stubs.o ABSOLUTE
    _printf_truncate_unsigned                0x00000000   Number         0  stubs.o ABSOLUTE
    _printf_u                                0x00000000   Number         0  stubs.o ABSOLUTE
    _printf_wc                               0x00000000   Number         0  stubs.o ABSOLUTE
    _printf_wctomb                           0x00000000   Number         0  stubs.o ABSOLUTE
    _printf_widthprec                        0x00000000   Number         0  stubs.o ABSOLUTE
    _printf_x                                0x00000000   Number         0  stubs.o ABSOLUTE
    __arm_fini_                               - Undefined Weak Reference
    __cpp_initialize__aeabi_                  - Undefined Weak Reference
    __cxa_finalize                            - Undefined Weak Reference
    __decompress                              - Undefined Weak Reference
    _clock_init                               - Undefined Weak Reference
    _microlib_exit                            - Undefined Weak Reference
    __Vectors_Size                           0x00000188   Number         0  startup_stm32f407xx.o ABSOLUTE
    __Vectors                                0x08000000   Data           4  startup_stm32f407xx.o(RESET)
    __Vectors_End                            0x08000188   Data           0  startup_stm32f407xx.o(RESET)
    __main                                   0x08000189   Thumb Code     0  entry.o(.ARM.Collect$$$$00000000)
    _main_stk                                0x08000189   Thumb Code     0  entry2.o(.ARM.Collect$$$$00000001)
    _main_scatterload                        0x0800018d   Thumb Code     0  entry5.o(.ARM.Collect$$$$00000004)
    __main_after_scatterload                 0x08000191   Thumb Code     0  entry5.o(.ARM.Collect$$$$00000004)
    _main_clock                              0x08000191   Thumb Code     0  entry7b.o(.ARM.Collect$$$$00000008)
    _main_cpp_init                           0x08000191   Thumb Code     0  entry8b.o(.ARM.Collect$$$$0000000A)
    _main_init                               0x08000191   Thumb Code     0  entry9a.o(.ARM.Collect$$$$0000000B)
    __rt_lib_shutdown_fini                   0x08000199   Thumb Code     0  entry12b.o(.ARM.Collect$$$$0000000E)
    __rt_final_cpp                           0x0800019d   Thumb Code     0  entry10a.o(.ARM.Collect$$$$0000000F)
    __rt_final_exit                          0x0800019d   Thumb Code     0  entry11a.o(.ARM.Collect$$$$00000011)
    Reset_Handler                            0x080001a1   Thumb Code     8  startup_stm32f407xx.o(.text)
    ADC_IRQHandler                           0x080001bb   Thumb Code     0  startup_stm32f407xx.o(.text)
    CAN1_RX0_IRQHandler                      0x080001bb   Thumb Code     0  startup_stm32f407xx.o(.text)
    CAN1_RX1_IRQHandler                      0x080001bb   Thumb Code     0  startup_stm32f407xx.o(.text)
    CAN1_SCE_IRQHandler                      0x080001bb   Thumb Code     0  startup_stm32f407xx.o(.text)
    CAN1_TX_IRQHandler                       0x080001bb   Thumb Code     0  startup_stm32f407xx.o(.text)
    CAN2_RX0_IRQHandler                      0x080001bb   Thumb Code     0  startup_stm32f407xx.o(.text)
    CAN2_RX1_IRQHandler                      0x080001bb   Thumb Code     0  startup_stm32f407xx.o(.text)
    CAN2_SCE_IRQHandler                      0x080001bb   Thumb Code     0  startup_stm32f407xx.o(.text)
    CAN2_TX_IRQHandler                       0x080001bb   Thumb Code     0  startup_stm32f407xx.o(.text)
    DCMI_IRQHandler                          0x080001bb   Thumb Code     0  startup_stm32f407xx.o(.text)
    DMA1_Stream0_IRQHandler                  0x080001bb   Thumb Code     0  startup_stm32f407xx.o(.text)
    DMA1_Stream1_IRQHandler                  0x080001bb   Thumb Code     0  startup_stm32f407xx.o(.text)
    DMA1_Stream2_IRQHandler                  0x080001bb   Thumb Code     0  startup_stm32f407xx.o(.text)
    DMA1_Stream3_IRQHandler                  0x080001bb   Thumb Code     0  startup_stm32f407xx.o(.text)
    DMA1_Stream4_IRQHandler                  0x080001bb   Thumb Code     0  startup_stm32f407xx.o(.text)
    DMA1_Stream5_IRQHandler                  0x080001bb   Thumb Code     0  startup_stm32f407xx.o(.text)
    DMA1_Stream6_IRQHandler                  0x080001bb   Thumb Code     0  startup_stm32f407xx.o(.text)
    DMA1_Stream7_IRQHandler                  0x080001bb   Thumb Code     0  startup_stm32f407xx.o(.text)
    DMA2_Stream0_IRQHandler                  0x080001bb   Thumb Code     0  startup_stm32f407xx.o(.text)
    DMA2_Stream1_IRQHandler                  0x080001bb   Thumb Code     0  startup_stm32f407xx.o(.text)
    DMA2_Stream2_IRQHandler                  0x080001bb   Thumb Code     0  startup_stm32f407xx.o(.text)
    DMA2_Stream3_IRQHandler                  0x080001bb   Thumb Code     0  startup_stm32f407xx.o(.text)
    DMA2_Stream4_IRQHandler                  0x080001bb   Thumb Code     0  startup_stm32f407xx.o(.text)
    DMA2_Stream5_IRQHandler                  0x080001bb   Thumb Code     0  startup_stm32f407xx.o(.text)
    DMA2_Stream6_IRQHandler                  0x080001bb   Thumb Code     0  startup_stm32f407xx.o(.text)
    DMA2_Stream7_IRQHandler                  0x080001bb   Thumb Code     0  startup_stm32f407xx.o(.text)
    ETH_IRQHandler                           0x080001bb   Thumb Code     0  startup_stm32f407xx.o(.text)
    ETH_WKUP_IRQHandler                      0x080001bb   Thumb Code     0  startup_stm32f407xx.o(.text)
    EXTI0_IRQHandler                         0x080001bb   Thumb Code     0  startup_stm32f407xx.o(.text)
    EXTI15_10_IRQHandler                     0x080001bb   Thumb Code     0  startup_stm32f407xx.o(.text)
    EXTI1_IRQHandler                         0x080001bb   Thumb Code     0  startup_stm32f407xx.o(.text)
    EXTI2_IRQHandler                         0x080001bb   Thumb Code     0  startup_stm32f407xx.o(.text)
    EXTI3_IRQHandler                         0x080001bb   Thumb Code     0  startup_stm32f407xx.o(.text)
    EXTI4_IRQHandler                         0x080001bb   Thumb Code     0  startup_stm32f407xx.o(.text)
    EXTI9_5_IRQHandler                       0x080001bb   Thumb Code     0  startup_stm32f407xx.o(.text)
    FLASH_IRQHandler                         0x080001bb   Thumb Code     0  startup_stm32f407xx.o(.text)
    FMC_IRQHandler                           0x080001bb   Thumb Code     0  startup_stm32f407xx.o(.text)
    FPU_IRQHandler                           0x080001bb   Thumb Code     0  startup_stm32f407xx.o(.text)
    HASH_RNG_IRQHandler                      0x080001bb   Thumb Code     0  startup_stm32f407xx.o(.text)
    I2C1_ER_IRQHandler                       0x080001bb   Thumb Code     0  startup_stm32f407xx.o(.text)
    I2C1_EV_IRQHandler                       0x080001bb   Thumb Code     0  startup_stm32f407xx.o(.text)
    I2C2_ER_IRQHandler                       0x080001bb   Thumb Code     0  startup_stm32f407xx.o(.text)
    I2C2_EV_IRQHandler                       0x080001bb   Thumb Code     0  startup_stm32f407xx.o(.text)
    I2C3_ER_IRQHandler                       0x080001bb   Thumb Code     0  startup_stm32f407xx.o(.text)
    I2C3_EV_IRQHandler                       0x080001bb   Thumb Code     0  startup_stm32f407xx.o(.text)
    OTG_FS_IRQHandler                        0x080001bb   Thumb Code     0  startup_stm32f407xx.o(.text)
    OTG_FS_WKUP_IRQHandler                   0x080001bb   Thumb Code     0  startup_stm32f407xx.o(.text)
    OTG_HS_EP1_IN_IRQHandler                 0x080001bb   Thumb Code     0  startup_stm32f407xx.o(.text)
    OTG_HS_EP1_OUT_IRQHandler                0x080001bb   Thumb Code     0  startup_stm32f407xx.o(.text)
    OTG_HS_IRQHandler                        0x080001bb   Thumb Code     0  startup_stm32f407xx.o(.text)
    OTG_HS_WKUP_IRQHandler                   0x080001bb   Thumb Code     0  startup_stm32f407xx.o(.text)
    PVD_IRQHandler                           0x080001bb   Thumb Code     0  startup_stm32f407xx.o(.text)
    RCC_IRQHandler                           0x080001bb   Thumb Code     0  startup_stm32f407xx.o(.text)
    RTC_Alarm_IRQHandler                     0x080001bb   Thumb Code     0  startup_stm32f407xx.o(.text)
    RTC_WKUP_IRQHandler                      0x080001bb   Thumb Code     0  startup_stm32f407xx.o(.text)
    SPI1_IRQHandler                          0x080001bb   Thumb Code     0  startup_stm32f407xx.o(.text)
    SPI2_IRQHandler                          0x080001bb   Thumb Code     0  startup_stm32f407xx.o(.text)
    SPI3_IRQHandler                          0x080001bb   Thumb Code     0  startup_stm32f407xx.o(.text)
    TAMP_STAMP_IRQHandler                    0x080001bb   Thumb Code     0  startup_stm32f407xx.o(.text)
    TIM1_BRK_TIM9_IRQHandler                 0x080001bb   Thumb Code     0  startup_stm32f407xx.o(.text)
    TIM1_CC_IRQHandler                       0x080001bb   Thumb Code     0  startup_stm32f407xx.o(.text)
    TIM1_TRG_COM_TIM11_IRQHandler            0x080001bb   Thumb Code     0  startup_stm32f407xx.o(.text)
    TIM1_UP_TIM10_IRQHandler                 0x080001bb   Thumb Code     0  startup_stm32f407xx.o(.text)
    TIM2_IRQHandler                          0x080001bb   Thumb Code     0  startup_stm32f407xx.o(.text)
    TIM3_IRQHandler                          0x080001bb   Thumb Code     0  startup_stm32f407xx.o(.text)
    TIM4_IRQHandler                          0x080001bb   Thumb Code     0  startup_stm32f407xx.o(.text)
    TIM5_IRQHandler                          0x080001bb   Thumb Code     0  startup_stm32f407xx.o(.text)
    TIM6_DAC_IRQHandler                      0x080001bb   Thumb Code     0  startup_stm32f407xx.o(.text)
    TIM7_IRQHandler                          0x080001bb   Thumb Code     0  startup_stm32f407xx.o(.text)
    TIM8_BRK_TIM12_IRQHandler                0x080001bb   Thumb Code     0  startup_stm32f407xx.o(.text)
    TIM8_CC_IRQHandler                       0x080001bb   Thumb Code     0  startup_stm32f407xx.o(.text)
    TIM8_TRG_COM_TIM14_IRQHandler            0x080001bb   Thumb Code     0  startup_stm32f407xx.o(.text)
    TIM8_UP_TIM13_IRQHandler                 0x080001bb   Thumb Code     0  startup_stm32f407xx.o(.text)
    UART4_IRQHandler                         0x080001bb   Thumb Code     0  startup_stm32f407xx.o(.text)
    UART5_IRQHandler                         0x080001bb   Thumb Code     0  startup_stm32f407xx.o(.text)
    USART2_IRQHandler                        0x080001bb   Thumb Code     0  startup_stm32f407xx.o(.text)
    USART3_IRQHandler                        0x080001bb   Thumb Code     0  startup_stm32f407xx.o(.text)
    USART6_IRQHandler                        0x080001bb   Thumb Code     0  startup_stm32f407xx.o(.text)
    WWDG_IRQHandler                          0x080001bb   Thumb Code     0  startup_stm32f407xx.o(.text)
    __aeabi_uldivmod                         0x080001c5   Thumb Code    98  uldiv.o(.text)
    __aeabi_memset                           0x08000227   Thumb Code    14  memseta.o(.text)
    __aeabi_memset4                          0x08000227   Thumb Code     0  memseta.o(.text)
    __aeabi_memset8                          0x08000227   Thumb Code     0  memseta.o(.text)
    __aeabi_memclr                           0x08000235   Thumb Code     4  memseta.o(.text)
    __aeabi_memclr4                          0x08000235   Thumb Code     0  memseta.o(.text)
    __aeabi_memclr8                          0x08000235   Thumb Code     0  memseta.o(.text)
    _memset$wrapper                          0x08000239   Thumb Code    18  memseta.o(.text)
    __aeabi_dmul                             0x0800024b   Thumb Code   228  dmul.o(.text)
    __aeabi_ui2d                             0x0800032f   Thumb Code    26  dfltui.o(.text)
    __aeabi_d2uiz                            0x08000349   Thumb Code    50  dfixui.o(.text)
    __aeabi_f2d                              0x0800037b   Thumb Code    38  f2d.o(.text)
    __aeabi_uidiv                            0x080003a1   Thumb Code     0  uidiv.o(.text)
    __aeabi_uidivmod                         0x080003a1   Thumb Code    44  uidiv.o(.text)
    __aeabi_llsl                             0x080003cd   Thumb Code    30  llshl.o(.text)
    _ll_shift_l                              0x080003cd   Thumb Code     0  llshl.o(.text)
    __aeabi_llsr                             0x080003eb   Thumb Code    32  llushr.o(.text)
    _ll_ushift_r                             0x080003eb   Thumb Code     0  llushr.o(.text)
    __I$use$fp                               0x0800040b   Thumb Code     0  iusefp.o(.text)
    _double_round                            0x0800040b   Thumb Code    30  depilogue.o(.text)
    _double_epilogue                         0x08000429   Thumb Code   156  depilogue.o(.text)
    __aeabi_dadd                             0x080004c5   Thumb Code   322  dadd.o(.text)
    __aeabi_dsub                             0x08000607   Thumb Code     6  dadd.o(.text)
    __aeabi_drsub                            0x0800060d   Thumb Code     6  dadd.o(.text)
    __aeabi_ddiv                             0x08000613   Thumb Code   222  ddiv.o(.text)
    __aeabi_d2ulz                            0x080006f1   Thumb Code    48  dfixul.o(.text)
    __aeabi_cdrcmple                         0x08000721   Thumb Code    48  cdrcmple.o(.text)
    __scatterload                            0x08000751   Thumb Code    28  init.o(.text)
    __scatterload_rt2                        0x08000751   Thumb Code     0  init.o(.text)
    __aeabi_lasr                             0x08000775   Thumb Code    36  llsshr.o(.text)
    _ll_sshift_r                             0x08000775   Thumb Code     0  llsshr.o(.text)
    BusFault_Handler                         0x08000799   Thumb Code     2  stm32f4xx_it.o(i.BusFault_Handler)
    DebugMon_Handler                         0x0800079b   Thumb Code     2  stm32f4xx_it.o(i.DebugMon_Handler)
    Error_Handler                            0x0800079d   Thumb Code     4  main.o(i.Error_Handler)
    FSMC_NORSRAM_Extended_Timing_Init        0x080007a1   Thumb Code    56  stm32f4xx_ll_fsmc.o(i.FSMC_NORSRAM_Extended_Timing_Init)
    FSMC_NORSRAM_Init                        0x080007dd   Thumb Code    98  stm32f4xx_ll_fsmc.o(i.FSMC_NORSRAM_Init)
    FSMC_NORSRAM_Timing_Init                 0x08000845   Thumb Code    64  stm32f4xx_ll_fsmc.o(i.FSMC_NORSRAM_Timing_Init)
    HAL_DMA_Abort                            0x08000889   Thumb Code   146  stm32f4xx_hal_dma.o(i.HAL_DMA_Abort)
    HAL_DMA_Abort_IT                         0x0800091b   Thumb Code    36  stm32f4xx_hal_dma.o(i.HAL_DMA_Abort_IT)
    HAL_Delay                                0x08000941   Thumb Code    32  stm32f4xx_hal.o(i.HAL_Delay)
    HAL_GPIO_Init                            0x080009d9   Thumb Code   450  stm32f4xx_hal_gpio.o(i.HAL_GPIO_Init)
    HAL_GPIO_WritePin                        0x08000bc9   Thumb Code    10  stm32f4xx_hal_gpio.o(i.HAL_GPIO_WritePin)
    HAL_GetTick                              0x08000bd5   Thumb Code     6  stm32f4xx_hal.o(i.HAL_GetTick)
    HAL_IncTick                              0x08000be1   Thumb Code    12  stm32f4xx_hal.o(i.HAL_IncTick)
    HAL_Init                                 0x08000bf1   Thumb Code    48  stm32f4xx_hal.o(i.HAL_Init)
    HAL_InitTick                             0x08000c25   Thumb Code    54  stm32f4xx_hal.o(i.HAL_InitTick)
    HAL_MspInit                              0x08000c65   Thumb Code    42  stm32f4xx_hal_msp.o(i.HAL_MspInit)
    HAL_NVIC_EnableIRQ                       0x08000c95   Thumb Code    26  stm32f4xx_hal_cortex.o(i.HAL_NVIC_EnableIRQ)
    HAL_NVIC_SetPriority                     0x08000cb1   Thumb Code    60  stm32f4xx_hal_cortex.o(i.HAL_NVIC_SetPriority)
    HAL_NVIC_SetPriorityGrouping             0x08000cf1   Thumb Code    26  stm32f4xx_hal_cortex.o(i.HAL_NVIC_SetPriorityGrouping)
    HAL_RCC_ClockConfig                      0x08000d15   Thumb Code   288  stm32f4xx_hal_rcc.o(i.HAL_RCC_ClockConfig)
    HAL_RCC_GetPCLK1Freq                     0x08000e49   Thumb Code    20  stm32f4xx_hal_rcc.o(i.HAL_RCC_GetPCLK1Freq)
    HAL_RCC_GetPCLK2Freq                     0x08000e69   Thumb Code    20  stm32f4xx_hal_rcc.o(i.HAL_RCC_GetPCLK2Freq)
    HAL_RCC_GetSysClockFreq                  0x08000e89   Thumb Code    88  stm32f4xx_hal_rcc.o(i.HAL_RCC_GetSysClockFreq)
    HAL_RCC_OscConfig                        0x08000eed   Thumb Code   856  stm32f4xx_hal_rcc.o(i.HAL_RCC_OscConfig)
    HAL_SD_AbortCallback                     0x08001259   Thumb Code     2  stm32f4xx_hal_sd.o(i.HAL_SD_AbortCallback)
    HAL_SD_ConfigWideBusOperation            0x0800125d   Thumb Code   276  stm32f4xx_hal_sd.o(i.HAL_SD_ConfigWideBusOperation)
    HAL_SD_ErrorCallback                     0x08001375   Thumb Code     2  stm32f4xx_hal_sd.o(i.HAL_SD_ErrorCallback)
    HAL_SD_GetCardCSD                        0x08001379   Thumb Code   402  stm32f4xx_hal_sd.o(i.HAL_SD_GetCardCSD)
    HAL_SD_GetCardState                      0x08001511   Thumb Code    44  stm32f4xx_hal_sd.o(i.HAL_SD_GetCardState)
    HAL_SD_IRQHandler                        0x0800153d   Thumb Code   512  stm32f4xx_hal_sd.o(i.HAL_SD_IRQHandler)
    HAL_SD_Init                              0x08001745   Thumb Code    54  stm32f4xx_hal_sd.o(i.HAL_SD_Init)
    HAL_SD_InitCard                          0x0800177d   Thumb Code   116  stm32f4xx_hal_sd.o(i.HAL_SD_InitCard)
    HAL_SD_MspInit                           0x080017f9   Thumb Code   146  sdio.o(i.HAL_SD_MspInit)
    HAL_SD_RxCpltCallback                    0x0800189d   Thumb Code     2  stm32f4xx_hal_sd.o(i.HAL_SD_RxCpltCallback)
    HAL_SD_TxCpltCallback                    0x0800189f   Thumb Code     2  stm32f4xx_hal_sd.o(i.HAL_SD_TxCpltCallback)
    HAL_SPI_Init                             0x080018a1   Thumb Code   188  stm32f4xx_hal_spi.o(i.HAL_SPI_Init)
    HAL_SPI_MspInit                          0x0800195d   Thumb Code    94  spi.o(i.HAL_SPI_MspInit)
    HAL_SPI_TransmitReceive                  0x080019c9   Thumb Code   494  stm32f4xx_hal_spi.o(i.HAL_SPI_TransmitReceive)
    HAL_SRAM_Init                            0x08001bb7   Thumb Code    92  stm32f4xx_hal_sram.o(i.HAL_SRAM_Init)
    HAL_SRAM_MspInit                         0x08001c13   Thumb Code     4  fsmc.o(i.HAL_SRAM_MspInit)
    HAL_SYSTICK_Config                       0x08001c17   Thumb Code    40  stm32f4xx_hal_cortex.o(i.HAL_SYSTICK_Config)
    HAL_UARTEx_RxEventCallback               0x08001c3f   Thumb Code     2  stm32f4xx_hal_uart.o(i.HAL_UARTEx_RxEventCallback)
    HAL_UART_ErrorCallback                   0x08001c41   Thumb Code     2  stm32f4xx_hal_uart.o(i.HAL_UART_ErrorCallback)
    HAL_UART_IRQHandler                      0x08001c45   Thumb Code   618  stm32f4xx_hal_uart.o(i.HAL_UART_IRQHandler)
    HAL_UART_Init                            0x08001eb5   Thumb Code   100  stm32f4xx_hal_uart.o(i.HAL_UART_Init)
    HAL_UART_MspInit                         0x08001f19   Thumb Code   110  usart.o(i.HAL_UART_MspInit)
    HAL_UART_RxCpltCallback                  0x08001f95   Thumb Code     2  stm32f4xx_hal_uart.o(i.HAL_UART_RxCpltCallback)
    HAL_UART_TxCpltCallback                  0x08001f97   Thumb Code     2  stm32f4xx_hal_uart.o(i.HAL_UART_TxCpltCallback)
    HardFault_Handler                        0x08001f99   Thumb Code     2  stm32f4xx_it.o(i.HardFault_Handler)
    LCD_Clear                                0x08001f9d   Thumb Code    42  lcd.o(i.LCD_Clear)
    LCD_Display_Dir                          0x08001fcd   Thumb Code   180  lcd.o(i.LCD_Display_Dir)
    LCD_Fast_DrawPoint                       0x08002085   Thumb Code   204  lcd.o(i.LCD_Fast_DrawPoint)
    LCD_Init                                 0x08002155   Thumb Code  9408  lcd.o(i.LCD_Init)
    LCD_RD_DATA                              0x08004619   Thumb Code    16  lcd.o(i.LCD_RD_DATA)
    LCD_SSD_BackLightSet                     0x08004629   Thumb Code    72  lcd.o(i.LCD_SSD_BackLightSet)
    LCD_Scan_Dir                             0x08004679   Thumb Code   380  lcd.o(i.LCD_Scan_Dir)
    LCD_SetCursor                            0x080047f9   Thumb Code   238  lcd.o(i.LCD_SetCursor)
    LCD_ShowChar                             0x080048ed   Thumb Code   192  lcd.o(i.LCD_ShowChar)
    LCD_ShowString                           0x080049c1   Thumb Code    84  lcd.o(i.LCD_ShowString)
    LCD_WR_DATA                              0x08004a15   Thumb Code    16  lcd.o(i.LCD_WR_DATA)
    LCD_WR_REG                               0x08004a25   Thumb Code    16  lcd.o(i.LCD_WR_REG)
    LCD_WriteRAM_Prepare                     0x08004a35   Thumb Code    12  lcd.o(i.LCD_WriteRAM_Prepare)
    LCD_WriteReg                             0x08004a45   Thumb Code    14  lcd.o(i.LCD_WriteReg)
    LCD_printf                               0x08004a53   Thumb Code    50  lcd.o(i.LCD_printf)
    MX_FSMC_Init                             0x08004a85   Thumb Code   124  fsmc.o(i.MX_FSMC_Init)
    MX_GPIO_Init                             0x08004b09   Thumb Code   216  gpio.o(i.MX_GPIO_Init)
    MX_SDIO_SD_Init                          0x08004bed   Thumb Code    58  sdio.o(i.MX_SDIO_SD_Init)
    MX_SPI2_Init                             0x08004c31   Thumb Code    60  spi.o(i.MX_SPI2_Init)
    MX_USART1_UART_Init                      0x08004c75   Thumb Code    48  usart.o(i.MX_USART1_UART_Init)
    MemManage_Handler                        0x08004cad   Thumb Code     2  stm32f4xx_it.o(i.MemManage_Handler)
    NMI_Handler                              0x08004caf   Thumb Code     2  stm32f4xx_it.o(i.NMI_Handler)
    PendSV_Handler                           0x08004cb1   Thumb Code     2  stm32f4xx_it.o(i.PendSV_Handler)
    SDIO_ConfigData                          0x08004cb3   Thumb Code    36  stm32f4xx_ll_sdmmc.o(i.SDIO_ConfigData)
    SDIO_GetPowerState                       0x08004cd7   Thumb Code     8  stm32f4xx_ll_sdmmc.o(i.SDIO_GetPowerState)
    SDIO_GetResponse                         0x08004cdf   Thumb Code     6  stm32f4xx_ll_sdmmc.o(i.SDIO_GetResponse)
    SDIO_IRQHandler                          0x08004ce5   Thumb Code     6  stm32f4xx_it.o(i.SDIO_IRQHandler)
    SDIO_Init                                0x08004cf1   Thumb Code    36  stm32f4xx_ll_sdmmc.o(i.SDIO_Init)
    SDIO_PowerState_ON                       0x08004d15   Thumb Code     8  stm32f4xx_ll_sdmmc.o(i.SDIO_PowerState_ON)
    SDIO_ReadFIFO                            0x08004d1d   Thumb Code     6  stm32f4xx_ll_sdmmc.o(i.SDIO_ReadFIFO)
    SDIO_SendCommand                         0x08004d23   Thumb Code    32  stm32f4xx_ll_sdmmc.o(i.SDIO_SendCommand)
    SDIO_WriteFIFO                           0x08004d43   Thumb Code    10  stm32f4xx_ll_sdmmc.o(i.SDIO_WriteFIFO)
    SDMMC_CmdAppCommand                      0x08004d4d   Thumb Code    50  stm32f4xx_ll_sdmmc.o(i.SDMMC_CmdAppCommand)
    SDMMC_CmdAppOperCommand                  0x08004d81   Thumb Code    48  stm32f4xx_ll_sdmmc.o(i.SDMMC_CmdAppOperCommand)
    SDMMC_CmdBlockLength                     0x08004db5   Thumb Code    50  stm32f4xx_ll_sdmmc.o(i.SDMMC_CmdBlockLength)
    SDMMC_CmdBusWidth                        0x08004de7   Thumb Code    50  stm32f4xx_ll_sdmmc.o(i.SDMMC_CmdBusWidth)
    SDMMC_CmdGoIdleState                     0x08004e19   Thumb Code    74  stm32f4xx_ll_sdmmc.o(i.SDMMC_CmdGoIdleState)
    SDMMC_CmdOperCond                        0x08004e69   Thumb Code    48  stm32f4xx_ll_sdmmc.o(i.SDMMC_CmdOperCond)
    SDMMC_CmdSelDesel                        0x08004e99   Thumb Code    50  stm32f4xx_ll_sdmmc.o(i.SDMMC_CmdSelDesel)
    SDMMC_CmdSendCID                         0x08004ecb   Thumb Code    44  stm32f4xx_ll_sdmmc.o(i.SDMMC_CmdSendCID)
    SDMMC_CmdSendCSD                         0x08004ef7   Thumb Code    44  stm32f4xx_ll_sdmmc.o(i.SDMMC_CmdSendCSD)
    SDMMC_CmdSendSCR                         0x08004f23   Thumb Code    48  stm32f4xx_ll_sdmmc.o(i.SDMMC_CmdSendSCR)
    SDMMC_CmdSendStatus                      0x08004f53   Thumb Code    50  stm32f4xx_ll_sdmmc.o(i.SDMMC_CmdSendStatus)
    SDMMC_CmdSetRelAdd                       0x08004f85   Thumb Code    48  stm32f4xx_ll_sdmmc.o(i.SDMMC_CmdSetRelAdd)
    SDMMC_CmdStopTransfer                    0x08004fb5   Thumb Code    46  stm32f4xx_ll_sdmmc.o(i.SDMMC_CmdStopTransfer)
    SDMMC_GetCmdResp1                        0x08004fe9   Thumb Code   278  stm32f4xx_ll_sdmmc.o(i.SDMMC_GetCmdResp1)
    SDMMC_GetCmdResp2                        0x08005109   Thumb Code    76  stm32f4xx_ll_sdmmc.o(i.SDMMC_GetCmdResp2)
    SDMMC_GetCmdResp3                        0x08005159   Thumb Code    62  stm32f4xx_ll_sdmmc.o(i.SDMMC_GetCmdResp3)
    SDMMC_GetCmdResp6                        0x0800519d   Thumb Code   130  stm32f4xx_ll_sdmmc.o(i.SDMMC_GetCmdResp6)
    SDMMC_GetCmdResp7                        0x08005225   Thumb Code    82  stm32f4xx_ll_sdmmc.o(i.SDMMC_GetCmdResp7)
    SPI2_ReadWriteByte                       0x08005589   Thumb Code    28  w25qxx.o(i.SPI2_ReadWriteByte)
    SPI2_SetSpeed                            0x080055a9   Thumb Code    46  w25qxx.o(i.SPI2_SetSpeed)
    SVC_Handler                              0x08005701   Thumb Code     2  stm32f4xx_it.o(i.SVC_Handler)
    SysTick_Handler                          0x08005703   Thumb Code     4  stm32f4xx_it.o(i.SysTick_Handler)
    SystemClock_Config                       0x08005709   Thumb Code   140  main.o(i.SystemClock_Config)
    SystemInit                               0x0800579d   Thumb Code    12  system_stm32f4xx.o(i.SystemInit)
    USART1_IRQHandler                        0x080059d9   Thumb Code     6  stm32f4xx_it.o(i.USART1_IRQHandler)
    UsageFault_Handler                       0x080059e5   Thumb Code     2  stm32f4xx_it.o(i.UsageFault_Handler)
    W25QXX_Init                              0x080059e9   Thumb Code    62  w25qxx.o(i.W25QXX_Init)
    W25QXX_ReadID                            0x08005a31   Thumb Code    62  w25qxx.o(i.W25QXX_ReadID)
    W25QXX_ReadSR                            0x08005a75   Thumb Code    52  w25qxx.o(i.W25QXX_ReadSR)
    __0printf                                0x08005aad   Thumb Code    22  printfa.o(i.__0printf)
    __1printf                                0x08005aad   Thumb Code     0  printfa.o(i.__0printf)
    __2printf                                0x08005aad   Thumb Code     0  printfa.o(i.__0printf)
    __c89printf                              0x08005aad   Thumb Code     0  printfa.o(i.__0printf)
    printf                                   0x08005aad   Thumb Code     0  printfa.o(i.__0printf)
    __0vsprintf                              0x08005acd   Thumb Code    30  printfa.o(i.__0vsprintf)
    __1vsprintf                              0x08005acd   Thumb Code     0  printfa.o(i.__0vsprintf)
    __2vsprintf                              0x08005acd   Thumb Code     0  printfa.o(i.__0vsprintf)
    __c89vsprintf                            0x08005acd   Thumb Code     0  printfa.o(i.__0vsprintf)
    vsprintf                                 0x08005acd   Thumb Code     0  printfa.o(i.__0vsprintf)
    __scatterload_copy                       0x08005b11   Thumb Code    14  handlers.o(i.__scatterload_copy)
    __scatterload_null                       0x08005b1f   Thumb Code     2  handlers.o(i.__scatterload_null)
    __scatterload_zeroinit                   0x08005b21   Thumb Code    14  handlers.o(i.__scatterload_zeroinit)
    fputc                                    0x080063c5   Thumb Code    14  xk_usart.o(i.fputc)
    main                                     0x080063d9   Thumb Code   248  main.o(i.main)
    AHBPrescTable                            0x08006544   Data          16  system_stm32f4xx.o(.constdata)
    APBPrescTable                            0x08006554   Data           8  system_stm32f4xx.o(.constdata)
    asc2_1206                                0x0800655c   Data        1140  lcd.o(.constdata)
    asc2_1608                                0x080069d0   Data        1520  lcd.o(.constdata)
    asc2_2412                                0x08006fc0   Data        3420  lcd.o(.constdata)
    Region$$Table$$Base                      0x08007d1c   Number         0  anon$$obj.o(Region$$Table)
    Region$$Table$$Limit                     0x08007d3c   Number         0  anon$$obj.o(Region$$Table)
    uwTickFreq                               0x20000008   Data           1  stm32f4xx_hal.o(.data)
    uwTickPrio                               0x2000000c   Data           4  stm32f4xx_hal.o(.data)
    uwTick                                   0x20000010   Data           4  stm32f4xx_hal.o(.data)
    SystemCoreClock                          0x20000014   Data           4  system_stm32f4xx.o(.data)
    POINT_COLOR                              0x20000018   Data           4  lcd.o(.data)
    BACK_COLOR                               0x2000001c   Data           4  lcd.o(.data)
    __stdout                                 0x20000020   Data           4  xk_usart.o(.data)
    W25QXX_TYPE                              0x20000024   Data           2  w25qxx.o(.data)
    hsram1                                   0x20000028   Data          80  fsmc.o(.bss)
    hsd                                      0x20000078   Data         132  sdio.o(.bss)
    hspi2                                    0x200000fc   Data          88  spi.o(.bss)
    huart1                                   0x20000154   Data          72  usart.o(.bss)
    lcddev                                   0x2000019c   Data          14  lcd.o(.bss)
    __initial_sp                             0x200005b0   Data           0  startup_stm32f407xx.o(STACK)



==============================================================================

Memory Map of the image

  Image Entry point : 0x08000189

  Load Region LR_IROM1 (Base: 0x08000000, Size: 0x00007d64, Max: 0x00080000, ABSOLUTE)

    Execution Region ER_IROM1 (Exec base: 0x08000000, Load base: 0x08000000, Size: 0x00007d3c, Max: 0x00080000, ABSOLUTE)

    Exec Addr    Load Addr    Size         Type   Attr      Idx    E Section Name        Object

    0x08000000   0x08000000   0x00000188   Data   RO            3    RESET               startup_stm32f407xx.o
    0x08000188   0x08000188   0x00000000   Code   RO         3684  * .ARM.Collect$$$$00000000  mc_w.l(entry.o)
    0x08000188   0x08000188   0x00000004   Code   RO         3962    .ARM.Collect$$$$00000001  mc_w.l(entry2.o)
    0x0800018c   0x0800018c   0x00000004   Code   RO         3965    .ARM.Collect$$$$00000004  mc_w.l(entry5.o)
    0x08000190   0x08000190   0x00000000   Code   RO         3967    .ARM.Collect$$$$00000008  mc_w.l(entry7b.o)
    0x08000190   0x08000190   0x00000000   Code   RO         3969    .ARM.Collect$$$$0000000A  mc_w.l(entry8b.o)
    0x08000190   0x08000190   0x00000008   Code   RO         3970    .ARM.Collect$$$$0000000B  mc_w.l(entry9a.o)
    0x08000198   0x08000198   0x00000004   Code   RO         3977    .ARM.Collect$$$$0000000E  mc_w.l(entry12b.o)
    0x0800019c   0x0800019c   0x00000000   Code   RO         3972    .ARM.Collect$$$$0000000F  mc_w.l(entry10a.o)
    0x0800019c   0x0800019c   0x00000000   Code   RO         3974    .ARM.Collect$$$$00000011  mc_w.l(entry11a.o)
    0x0800019c   0x0800019c   0x00000004   Code   RO         3963    .ARM.Collect$$$$00002712  mc_w.l(entry2.o)
    0x080001a0   0x080001a0   0x00000024   Code   RO            4    .text               startup_stm32f407xx.o
    0x080001c4   0x080001c4   0x00000062   Code   RO         3687    .text               mc_w.l(uldiv.o)
    0x08000226   0x08000226   0x00000024   Code   RO         3689    .text               mc_w.l(memseta.o)
    0x0800024a   0x0800024a   0x000000e4   Code   RO         3954    .text               mf_w.l(dmul.o)
    0x0800032e   0x0800032e   0x0000001a   Code   RO         3956    .text               mf_w.l(dfltui.o)
    0x08000348   0x08000348   0x00000032   Code   RO         3958    .text               mf_w.l(dfixui.o)
    0x0800037a   0x0800037a   0x00000026   Code   RO         3960    .text               mf_w.l(f2d.o)
    0x080003a0   0x080003a0   0x0000002c   Code   RO         3978    .text               mc_w.l(uidiv.o)
    0x080003cc   0x080003cc   0x0000001e   Code   RO         3980    .text               mc_w.l(llshl.o)
    0x080003ea   0x080003ea   0x00000020   Code   RO         3982    .text               mc_w.l(llushr.o)
    0x0800040a   0x0800040a   0x00000000   Code   RO         3984    .text               mc_w.l(iusefp.o)
    0x0800040a   0x0800040a   0x000000ba   Code   RO         3985    .text               mf_w.l(depilogue.o)
    0x080004c4   0x080004c4   0x0000014e   Code   RO         3987    .text               mf_w.l(dadd.o)
    0x08000612   0x08000612   0x000000de   Code   RO         3989    .text               mf_w.l(ddiv.o)
    0x080006f0   0x080006f0   0x00000030   Code   RO         3991    .text               mf_w.l(dfixul.o)
    0x08000720   0x08000720   0x00000030   Code   RO         3993    .text               mf_w.l(cdrcmple.o)
    0x08000750   0x08000750   0x00000024   Code   RO         3995    .text               mc_w.l(init.o)
    0x08000774   0x08000774   0x00000024   Code   RO         3997    .text               mc_w.l(llsshr.o)
    0x08000798   0x08000798   0x00000002   Code   RO          392    i.BusFault_Handler  stm32f4xx_it.o
    0x0800079a   0x0800079a   0x00000002   Code   RO          393    i.DebugMon_Handler  stm32f4xx_it.o
    0x0800079c   0x0800079c   0x00000004   Code   RO           13    i.Error_Handler     main.o
    0x080007a0   0x080007a0   0x0000003c   Code   RO          512    i.FSMC_NORSRAM_Extended_Timing_Init  stm32f4xx_ll_fsmc.o
    0x080007dc   0x080007dc   0x00000068   Code   RO          513    i.FSMC_NORSRAM_Init  stm32f4xx_ll_fsmc.o
    0x08000844   0x08000844   0x00000044   Code   RO          514    i.FSMC_NORSRAM_Timing_Init  stm32f4xx_ll_fsmc.o
    0x08000888   0x08000888   0x00000092   Code   RO         1092    i.HAL_DMA_Abort     stm32f4xx_hal_dma.o
    0x0800091a   0x0800091a   0x00000024   Code   RO         1093    i.HAL_DMA_Abort_IT  stm32f4xx_hal_dma.o
    0x0800093e   0x0800093e   0x00000002   PAD
    0x08000940   0x08000940   0x00000024   Code   RO         1517    i.HAL_Delay         stm32f4xx_hal.o
    0x08000964   0x08000964   0x00000074   Code   RO          218    i.HAL_FSMC_MspInit  fsmc.o
    0x080009d8   0x080009d8   0x000001f0   Code   RO          985    i.HAL_GPIO_Init     stm32f4xx_hal_gpio.o
    0x08000bc8   0x08000bc8   0x0000000a   Code   RO          989    i.HAL_GPIO_WritePin  stm32f4xx_hal_gpio.o
    0x08000bd2   0x08000bd2   0x00000002   PAD
    0x08000bd4   0x08000bd4   0x0000000c   Code   RO         1523    i.HAL_GetTick       stm32f4xx_hal.o
    0x08000be0   0x08000be0   0x00000010   Code   RO         1529    i.HAL_IncTick       stm32f4xx_hal.o
    0x08000bf0   0x08000bf0   0x00000034   Code   RO         1530    i.HAL_Init          stm32f4xx_hal.o
    0x08000c24   0x08000c24   0x00000040   Code   RO         1531    i.HAL_InitTick      stm32f4xx_hal.o
    0x08000c64   0x08000c64   0x00000030   Code   RO          480    i.HAL_MspInit       stm32f4xx_hal_msp.o
    0x08000c94   0x08000c94   0x0000001a   Code   RO         1375    i.HAL_NVIC_EnableIRQ  stm32f4xx_hal_cortex.o
    0x08000cae   0x08000cae   0x00000002   PAD
    0x08000cb0   0x08000cb0   0x00000040   Code   RO         1381    i.HAL_NVIC_SetPriority  stm32f4xx_hal_cortex.o
    0x08000cf0   0x08000cf0   0x00000024   Code   RO         1382    i.HAL_NVIC_SetPriorityGrouping  stm32f4xx_hal_cortex.o
    0x08000d14   0x08000d14   0x00000134   Code   RO          631    i.HAL_RCC_ClockConfig  stm32f4xx_hal_rcc.o
    0x08000e48   0x08000e48   0x00000020   Code   RO          638    i.HAL_RCC_GetPCLK1Freq  stm32f4xx_hal_rcc.o
    0x08000e68   0x08000e68   0x00000020   Code   RO          639    i.HAL_RCC_GetPCLK2Freq  stm32f4xx_hal_rcc.o
    0x08000e88   0x08000e88   0x00000064   Code   RO          640    i.HAL_RCC_GetSysClockFreq  stm32f4xx_hal_rcc.o
    0x08000eec   0x08000eec   0x0000036c   Code   RO          643    i.HAL_RCC_OscConfig  stm32f4xx_hal_rcc.o
    0x08001258   0x08001258   0x00000002   Code   RO         2190    i.HAL_SD_AbortCallback  stm32f4xx_hal_sd.o
    0x0800125a   0x0800125a   0x00000002   PAD
    0x0800125c   0x0800125c   0x00000118   Code   RO         2192    i.HAL_SD_ConfigWideBusOperation  stm32f4xx_hal_sd.o
    0x08001374   0x08001374   0x00000002   Code   RO         2195    i.HAL_SD_ErrorCallback  stm32f4xx_hal_sd.o
    0x08001376   0x08001376   0x00000002   PAD
    0x08001378   0x08001378   0x00000198   Code   RO         2197    i.HAL_SD_GetCardCSD  stm32f4xx_hal_sd.o
    0x08001510   0x08001510   0x0000002c   Code   RO         2199    i.HAL_SD_GetCardState  stm32f4xx_hal_sd.o
    0x0800153c   0x0800153c   0x00000208   Code   RO         2203    i.HAL_SD_IRQHandler  stm32f4xx_hal_sd.o
    0x08001744   0x08001744   0x00000036   Code   RO         2204    i.HAL_SD_Init       stm32f4xx_hal_sd.o
    0x0800177a   0x0800177a   0x00000002   PAD
    0x0800177c   0x0800177c   0x0000007c   Code   RO         2205    i.HAL_SD_InitCard   stm32f4xx_hal_sd.o
    0x080017f8   0x080017f8   0x000000a4   Code   RO          267    i.HAL_SD_MspInit    sdio.o
    0x0800189c   0x0800189c   0x00000002   Code   RO         2211    i.HAL_SD_RxCpltCallback  stm32f4xx_hal_sd.o
    0x0800189e   0x0800189e   0x00000002   Code   RO         2212    i.HAL_SD_TxCpltCallback  stm32f4xx_hal_sd.o
    0x080018a0   0x080018a0   0x000000bc   Code   RO         2425    i.HAL_SPI_Init      stm32f4xx_hal_spi.o
    0x0800195c   0x0800195c   0x0000006c   Code   RO          309    i.HAL_SPI_MspInit   spi.o
    0x080019c8   0x080019c8   0x000001ee   Code   RO         2434    i.HAL_SPI_TransmitReceive  stm32f4xx_hal_spi.o
    0x08001bb6   0x08001bb6   0x0000005c   Code   RO         1772    i.HAL_SRAM_Init     stm32f4xx_hal_sram.o
    0x08001c12   0x08001c12   0x00000004   Code   RO          220    i.HAL_SRAM_MspInit  fsmc.o
    0x08001c16   0x08001c16   0x00000028   Code   RO         1386    i.HAL_SYSTICK_Config  stm32f4xx_hal_cortex.o
    0x08001c3e   0x08001c3e   0x00000002   Code   RO         2784    i.HAL_UARTEx_RxEventCallback  stm32f4xx_hal_uart.o
    0x08001c40   0x08001c40   0x00000002   Code   RO         2798    i.HAL_UART_ErrorCallback  stm32f4xx_hal_uart.o
    0x08001c42   0x08001c42   0x00000002   PAD
    0x08001c44   0x08001c44   0x00000270   Code   RO         2801    i.HAL_UART_IRQHandler  stm32f4xx_hal_uart.o
    0x08001eb4   0x08001eb4   0x00000064   Code   RO         2802    i.HAL_UART_Init     stm32f4xx_hal_uart.o
    0x08001f18   0x08001f18   0x0000007c   Code   RO          351    i.HAL_UART_MspInit  usart.o
    0x08001f94   0x08001f94   0x00000002   Code   RO         2808    i.HAL_UART_RxCpltCallback  stm32f4xx_hal_uart.o
    0x08001f96   0x08001f96   0x00000002   Code   RO         2813    i.HAL_UART_TxCpltCallback  stm32f4xx_hal_uart.o
    0x08001f98   0x08001f98   0x00000002   Code   RO          394    i.HardFault_Handler  stm32f4xx_it.o
    0x08001f9a   0x08001f9a   0x00000002   PAD
    0x08001f9c   0x08001f9c   0x00000030   Code   RO         3194    i.LCD_Clear         lcd.o
    0x08001fcc   0x08001fcc   0x000000b8   Code   RO         3200    i.LCD_Display_Dir   lcd.o
    0x08002084   0x08002084   0x000000d0   Code   RO         3207    i.LCD_Fast_DrawPoint  lcd.o
    0x08002154   0x08002154   0x000024c4   Code   RO         3210    i.LCD_Init          lcd.o
    0x08004618   0x08004618   0x00000010   Code   RO         3212    i.LCD_RD_DATA       lcd.o
    0x08004628   0x08004628   0x00000050   Code   RO         3215    i.LCD_SSD_BackLightSet  lcd.o
    0x08004678   0x08004678   0x00000180   Code   RO         3216    i.LCD_Scan_Dir      lcd.o
    0x080047f8   0x080047f8   0x000000f4   Code   RO         3217    i.LCD_SetCursor     lcd.o
    0x080048ec   0x080048ec   0x000000d4   Code   RO         3219    i.LCD_ShowChar      lcd.o
    0x080049c0   0x080049c0   0x00000054   Code   RO         3221    i.LCD_ShowString    lcd.o
    0x08004a14   0x08004a14   0x00000010   Code   RO         3223    i.LCD_WR_DATA       lcd.o
    0x08004a24   0x08004a24   0x00000010   Code   RO         3224    i.LCD_WR_REG        lcd.o
    0x08004a34   0x08004a34   0x00000010   Code   RO         3226    i.LCD_WriteRAM_Prepare  lcd.o
    0x08004a44   0x08004a44   0x0000000e   Code   RO         3227    i.LCD_WriteReg      lcd.o
    0x08004a52   0x08004a52   0x00000032   Code   RO         3228    i.LCD_printf        lcd.o
    0x08004a84   0x08004a84   0x00000084   Code   RO          221    i.MX_FSMC_Init      fsmc.o
    0x08004b08   0x08004b08   0x000000e4   Code   RO          194    i.MX_GPIO_Init      gpio.o
    0x08004bec   0x08004bec   0x00000044   Code   RO          268    i.MX_SDIO_SD_Init   sdio.o
    0x08004c30   0x08004c30   0x00000044   Code   RO          310    i.MX_SPI2_Init      spi.o
    0x08004c74   0x08004c74   0x00000038   Code   RO          352    i.MX_USART1_UART_Init  usart.o
    0x08004cac   0x08004cac   0x00000002   Code   RO          395    i.MemManage_Handler  stm32f4xx_it.o
    0x08004cae   0x08004cae   0x00000002   Code   RO          396    i.NMI_Handler       stm32f4xx_it.o
    0x08004cb0   0x08004cb0   0x00000002   Code   RO          397    i.PendSV_Handler    stm32f4xx_it.o
    0x08004cb2   0x08004cb2   0x00000024   Code   RO         1903    i.SDIO_ConfigData   stm32f4xx_ll_sdmmc.o
    0x08004cd6   0x08004cd6   0x00000008   Code   RO         1907    i.SDIO_GetPowerState  stm32f4xx_ll_sdmmc.o
    0x08004cde   0x08004cde   0x00000006   Code   RO         1908    i.SDIO_GetResponse  stm32f4xx_ll_sdmmc.o
    0x08004ce4   0x08004ce4   0x0000000c   Code   RO          398    i.SDIO_IRQHandler   stm32f4xx_it.o
    0x08004cf0   0x08004cf0   0x00000024   Code   RO         1909    i.SDIO_Init         stm32f4xx_ll_sdmmc.o
    0x08004d14   0x08004d14   0x00000008   Code   RO         1911    i.SDIO_PowerState_ON  stm32f4xx_ll_sdmmc.o
    0x08004d1c   0x08004d1c   0x00000006   Code   RO         1912    i.SDIO_ReadFIFO     stm32f4xx_ll_sdmmc.o
    0x08004d22   0x08004d22   0x00000020   Code   RO         1913    i.SDIO_SendCommand  stm32f4xx_ll_sdmmc.o
    0x08004d42   0x08004d42   0x0000000a   Code   RO         1915    i.SDIO_WriteFIFO    stm32f4xx_ll_sdmmc.o
    0x08004d4c   0x08004d4c   0x00000032   Code   RO         1916    i.SDMMC_CmdAppCommand  stm32f4xx_ll_sdmmc.o
    0x08004d7e   0x08004d7e   0x00000002   PAD
    0x08004d80   0x08004d80   0x00000034   Code   RO         1917    i.SDMMC_CmdAppOperCommand  stm32f4xx_ll_sdmmc.o
    0x08004db4   0x08004db4   0x00000032   Code   RO         1918    i.SDMMC_CmdBlockLength  stm32f4xx_ll_sdmmc.o
    0x08004de6   0x08004de6   0x00000032   Code   RO         1919    i.SDMMC_CmdBusWidth  stm32f4xx_ll_sdmmc.o
    0x08004e18   0x08004e18   0x00000050   Code   RO         1923    i.SDMMC_CmdGoIdleState  stm32f4xx_ll_sdmmc.o
    0x08004e68   0x08004e68   0x00000030   Code   RO         1925    i.SDMMC_CmdOperCond  stm32f4xx_ll_sdmmc.o
    0x08004e98   0x08004e98   0x00000032   Code   RO         1930    i.SDMMC_CmdSelDesel  stm32f4xx_ll_sdmmc.o
    0x08004eca   0x08004eca   0x0000002c   Code   RO         1931    i.SDMMC_CmdSendCID  stm32f4xx_ll_sdmmc.o
    0x08004ef6   0x08004ef6   0x0000002c   Code   RO         1932    i.SDMMC_CmdSendCSD  stm32f4xx_ll_sdmmc.o
    0x08004f22   0x08004f22   0x00000030   Code   RO         1934    i.SDMMC_CmdSendSCR  stm32f4xx_ll_sdmmc.o
    0x08004f52   0x08004f52   0x00000032   Code   RO         1935    i.SDMMC_CmdSendStatus  stm32f4xx_ll_sdmmc.o
    0x08004f84   0x08004f84   0x00000030   Code   RO         1936    i.SDMMC_CmdSetRelAdd  stm32f4xx_ll_sdmmc.o
    0x08004fb4   0x08004fb4   0x00000034   Code   RO         1939    i.SDMMC_CmdStopTransfer  stm32f4xx_ll_sdmmc.o
    0x08004fe8   0x08004fe8   0x00000120   Code   RO         1943    i.SDMMC_GetCmdResp1  stm32f4xx_ll_sdmmc.o
    0x08005108   0x08005108   0x00000050   Code   RO         1944    i.SDMMC_GetCmdResp2  stm32f4xx_ll_sdmmc.o
    0x08005158   0x08005158   0x00000044   Code   RO         1945    i.SDMMC_GetCmdResp3  stm32f4xx_ll_sdmmc.o
    0x0800519c   0x0800519c   0x00000088   Code   RO         1946    i.SDMMC_GetCmdResp6  stm32f4xx_ll_sdmmc.o
    0x08005224   0x08005224   0x00000058   Code   RO         1947    i.SDMMC_GetCmdResp7  stm32f4xx_ll_sdmmc.o
    0x0800527c   0x0800527c   0x00000044   Code   RO         2218    i.SD_DMARxAbort     stm32f4xx_hal_sd.o
    0x080052c0   0x080052c0   0x00000044   Code   RO         2220    i.SD_DMATxAbort     stm32f4xx_hal_sd.o
    0x08005304   0x08005304   0x000000e0   Code   RO         2221    i.SD_FindSCR        stm32f4xx_hal_sd.o
    0x080053e4   0x080053e4   0x000000ee   Code   RO         2222    i.SD_InitCard       stm32f4xx_hal_sd.o
    0x080054d2   0x080054d2   0x00000002   PAD
    0x080054d4   0x080054d4   0x000000b4   Code   RO         2223    i.SD_PowerON        stm32f4xx_hal_sd.o
    0x08005588   0x08005588   0x00000020   Code   RO         3530    i.SPI2_ReadWriteByte  w25qxx.o
    0x080055a8   0x080055a8   0x00000034   Code   RO         3531    i.SPI2_SetSpeed     w25qxx.o
    0x080055dc   0x080055dc   0x0000006c   Code   RO         2463    i.SPI_EndRxTxTransaction  stm32f4xx_hal_spi.o
    0x08005648   0x08005648   0x000000b8   Code   RO         2468    i.SPI_WaitFlagStateUntilTimeout  stm32f4xx_hal_spi.o
    0x08005700   0x08005700   0x00000002   Code   RO          399    i.SVC_Handler       stm32f4xx_it.o
    0x08005702   0x08005702   0x00000004   Code   RO          400    i.SysTick_Handler   stm32f4xx_it.o
    0x08005706   0x08005706   0x00000002   PAD
    0x08005708   0x08005708   0x00000094   Code   RO           14    i.SystemClock_Config  main.o
    0x0800579c   0x0800579c   0x00000010   Code   RO         3136    i.SystemInit        system_stm32f4xx.o
    0x080057ac   0x080057ac   0x00000010   Code   RO         2815    i.UART_DMAAbortOnError  stm32f4xx_hal_uart.o
    0x080057bc   0x080057bc   0x0000004e   Code   RO         2825    i.UART_EndRxTransfer  stm32f4xx_hal_uart.o
    0x0800580a   0x0800580a   0x000000c2   Code   RO         2827    i.UART_Receive_IT   stm32f4xx_hal_uart.o
    0x080058cc   0x080058cc   0x0000010c   Code   RO         2828    i.UART_SetConfig    stm32f4xx_hal_uart.o
    0x080059d8   0x080059d8   0x0000000c   Code   RO          401    i.USART1_IRQHandler  stm32f4xx_it.o
    0x080059e4   0x080059e4   0x00000002   Code   RO          402    i.UsageFault_Handler  stm32f4xx_it.o
    0x080059e6   0x080059e6   0x00000002   PAD
    0x080059e8   0x080059e8   0x00000048   Code   RO         3534    i.W25QXX_Init       w25qxx.o
    0x08005a30   0x08005a30   0x00000044   Code   RO         3537    i.W25QXX_ReadID     w25qxx.o
    0x08005a74   0x08005a74   0x00000038   Code   RO         3538    i.W25QXX_ReadSR     w25qxx.o
    0x08005aac   0x08005aac   0x00000020   Code   RO         3926    i.__0printf         mc_w.l(printfa.o)
    0x08005acc   0x08005acc   0x00000024   Code   RO         3932    i.__0vsprintf       mc_w.l(printfa.o)
    0x08005af0   0x08005af0   0x00000020   Code   RO         1388    i.__NVIC_SetPriority  stm32f4xx_hal_cortex.o
    0x08005b10   0x08005b10   0x0000000e   Code   RO         4001    i.__scatterload_copy  mc_w.l(handlers.o)
    0x08005b1e   0x08005b1e   0x00000002   Code   RO         4002    i.__scatterload_null  mc_w.l(handlers.o)
    0x08005b20   0x08005b20   0x0000000e   Code   RO         4003    i.__scatterload_zeroinit  mc_w.l(handlers.o)
    0x08005b2e   0x08005b2e   0x00000002   PAD
    0x08005b30   0x08005b30   0x00000184   Code   RO         3933    i._fp_digits        mc_w.l(printfa.o)
    0x08005cb4   0x08005cb4   0x000006b4   Code   RO         3934    i._printf_core      mc_w.l(printfa.o)
    0x08006368   0x08006368   0x00000024   Code   RO         3935    i._printf_post_padding  mc_w.l(printfa.o)
    0x0800638c   0x0800638c   0x0000002e   Code   RO         3936    i._printf_pre_padding  mc_w.l(printfa.o)
    0x080063ba   0x080063ba   0x0000000a   Code   RO         3938    i._sputc            mc_w.l(printfa.o)
    0x080063c4   0x080063c4   0x00000014   Code   RO         3469    i.fputc             xk_usart.o
    0x080063d8   0x080063d8   0x0000016c   Code   RO           15    i.main              main.o
    0x08006544   0x08006544   0x00000010   Data   RO         3137    .constdata          system_stm32f4xx.o
    0x08006554   0x08006554   0x00000008   Data   RO         3138    .constdata          system_stm32f4xx.o
    0x0800655c   0x0800655c   0x000017c0   Data   RO         3232    .constdata          lcd.o
    0x08007d1c   0x08007d1c   0x00000020   Data   RO         3999    Region$$Table       anon$$obj.o


    Execution Region RW_IRAM1 (Exec base: 0x20000000, Load base: 0x08007d3c, Size: 0x000005b0, Max: 0x0001c000, ABSOLUTE)

    Exec Addr    Load Addr    Size         Type   Attr      Idx    E Section Name        Object

    0x20000000   0x08007d3c   0x00000008   Data   RW          223    .data               fsmc.o
    0x20000008   0x08007d44   0x0000000c   Data   RW         1537    .data               stm32f4xx_hal.o
    0x20000014   0x08007d50   0x00000004   Data   RW         3139    .data               system_stm32f4xx.o
    0x20000018   0x08007d54   0x00000008   Data   RW         3233    .data               lcd.o
    0x20000020   0x08007d5c   0x00000004   Data   RW         3472    .data               xk_usart.o
    0x20000024   0x08007d60   0x00000002   Data   RW         3548    .data               w25qxx.o
    0x20000026   0x08007d62   0x00000002   PAD
    0x20000028        -       0x00000050   Zero   RW          222    .bss                fsmc.o
    0x20000078        -       0x00000084   Zero   RW          269    .bss                sdio.o
    0x200000fc        -       0x00000058   Zero   RW          311    .bss                spi.o
    0x20000154        -       0x00000048   Zero   RW          353    .bss                usart.o
    0x2000019c        -       0x0000000e   Zero   RW         3231    .bss                lcd.o
    0x200001aa   0x08007d62   0x00000006   PAD
    0x200001b0        -       0x00000400   Zero   RW            1    STACK               startup_stm32f407xx.o


    Execution Region RW_IRAM2 (Exec base: 0x2001c000, Load base: 0x08007d64, Size: 0x00000000, Max: 0x00004000, ABSOLUTE)

    **** No section assigned to this execution region ****


==============================================================================

Image component sizes


      Code (inc. data)   RO Data    RW Data    ZI Data      Debug   Object Name

       252         26          0          8         80       2323   fsmc.o
       228         12          0          0          0       1091   gpio.o
     10984         98       6080          8         14      19262   lcd.o
       516        124          0          0          0     703904   main.o
       232         28          0          0        132       1805   sdio.o
       176         22          0          0         88       1737   spi.o
        36          8        392          0       1024        848   startup_stm32f407xx.o
       180         28          0         12          0       9505   stm32f4xx_hal.o
       198         14          0          0          0      33911   stm32f4xx_hal_cortex.o
       182          0          0          0          0       2135   stm32f4xx_hal_dma.o
       506         46          0          0          0       2228   stm32f4xx_hal_gpio.o
        48          6          0          0          0        878   stm32f4xx_hal_msp.o
      1348         76          0          0          0       5312   stm32f4xx_hal_rcc.o
      2216         32          0          0          0      13440   stm32f4xx_hal_sd.o
       974         14          0          0          0       5057   stm32f4xx_hal_spi.o
        92          0          0          0          0       1252   stm32f4xx_hal_sram.o
      1288         16          0          0          0       8496   stm32f4xx_hal_uart.o
        44         12          0          0          0       5228   stm32f4xx_it.o
       232         14          0          0          0       3995   stm32f4xx_ll_fsmc.o
      1468         48          0          0          0      20855   stm32f4xx_ll_sdmmc.o
        16          4         24          4          0       1163   system_stm32f4xx.o
       180         22          0          0         72       1762   usart.o
       280         30          0          2          0       3809   w25qxx.o
        20          6          0          4          0       2651   xk_usart.o

    ----------------------------------------------------------------------
     21720        686       6528         40       1416     852647   Object Totals
         0          0         32          0          0          0   (incl. Generated)
        24          0          0          2          6          0   (incl. Padding)

    ----------------------------------------------------------------------

      Code (inc. data)   RO Data    RW Data    ZI Data      Debug   Library Member Name

         0          0          0          0          0          0   entry.o
         0          0          0          0          0          0   entry10a.o
         0          0          0          0          0          0   entry11a.o
         4          0          0          0          0          0   entry12b.o
         8          4          0          0          0          0   entry2.o
         4          0          0          0          0          0   entry5.o
         0          0          0          0          0          0   entry7b.o
         0          0          0          0          0          0   entry8b.o
         8          4          0          0          0          0   entry9a.o
        30          0          0          0          0          0   handlers.o
        36          8          0          0          0         68   init.o
         0          0          0          0          0          0   iusefp.o
        30          0          0          0          0         68   llshl.o
        36          0          0          0          0         68   llsshr.o
        32          0          0          0          0         68   llushr.o
        36          0          0          0          0        108   memseta.o
      2264         96          0          0          0        612   printfa.o
        44          0          0          0          0         80   uidiv.o
        98          0          0          0          0         92   uldiv.o
        48          0          0          0          0         68   cdrcmple.o
       334          0          0          0          0        148   dadd.o
       222          0          0          0          0        100   ddiv.o
       186          0          0          0          0        176   depilogue.o
        50          0          0          0          0         76   dfixui.o
        48          0          0          0          0         68   dfixul.o
        26          0          0          0          0         76   dfltui.o
       228          0          0          0          0         96   dmul.o
        38          0          0          0          0         68   f2d.o

    ----------------------------------------------------------------------
      3812        112          0          0          0       2040   Library Totals
         2          0          0          0          0          0   (incl. Padding)

    ----------------------------------------------------------------------

      Code (inc. data)   RO Data    RW Data    ZI Data      Debug   Library Name

      2630        112          0          0          0       1164   mc_w.l
      1180          0          0          0          0        876   mf_w.l

    ----------------------------------------------------------------------
      3812        112          0          0          0       2040   Library Totals

    ----------------------------------------------------------------------

==============================================================================


      Code (inc. data)   RO Data    RW Data    ZI Data      Debug   

     25532        798       6528         40       1416     842151   Grand Totals
     25532        798       6528         40       1416     842151   ELF Image Totals
     25532        798       6528         40          0          0   ROM Totals

==============================================================================

    Total RO  Size (Code + RO Data)                32060 (  31.31kB)
    Total RW  Size (RW Data + ZI Data)              1456 (   1.42kB)
    Total ROM Size (Code + RO Data + RW Data)      32100 (  31.35kB)

==============================================================================

